BENCH_MEMO {"dex":0,"bytes":0,"probes":1,"hits":0}
BENCH_MEMO {"dex":1,"bytes":8,"probes":1,"hits":0}
BENCH_MEMO {"dex":0,"bytes":8,"probes":1,"hits":1}
BENCH_MEMO {"dex":0,"bytes":8,"probes":1,"hits":0}
BENCH_MEMO {"dex":0,"bytes":4096,"probes":32768,"hits":0}
BENCH_MEMO {"dex":0,"bytes":4096,"probes":32768,"hits":0}
BENCH_MEMO {"dex":0,"bytes":4096,"probes":32768,"hits":0}
BENCH_MEMO {"dex":0,"bytes":4096,"probes":32768,"hits":0}
BENCH_MEMO {"dex":0,"bytes":4096,"probes":32768,"hits":0}
BENCH_MEMO {"dex":0,"bytes":4096,"probes":32768,"hits":0}
BENCH_MEMO {"dex":0,"bytes":8,"probes":500000,"hits":499936}
BENCH_MEMO {"dex":0,"bytes":8,"probes":500000,"hits":499936}
BENCH_MEMO {"dex":0,"bytes":8,"probes":500000,"hits":499936}
BENCH_MEMO {"dex":0,"bytes":8,"probes":500000,"hits":499936}
BENCH_MEMO {"dex":0,"bytes":8,"probes":500000,"hits":499936}
BENCH_MEMO {"dex":0,"bytes":8,"probes":500000,"hits":499936}
BENCH_MEMO {"dex":0,"bytes":8,"probes":500000,"hits":0}
BENCH_MEMO {"dex":0,"bytes":8,"probes":500000,"hits":0}
BENCH_MEMO {"dex":0,"bytes":8,"probes":500000,"hits":0}
BENCH_MEMO {"dex":0,"bytes":8,"probes":500000,"hits":0}
BENCH_MEMO {"dex":0,"bytes":8,"probes":500000,"hits":0}
BENCH_MEMO {"dex":0,"bytes":8,"probes":500000,"hits":0}
BENCH_MEMO {"dex":0,"bytes":0,"probes":500000,"hits":0}
BENCH_MEMO {"dex":0,"bytes":0,"probes":500000,"hits":0}
BENCH_MEMO {"dex":0,"bytes":0,"probes":500000,"hits":0}
BENCH_MEMO {"dex":0,"bytes":0,"probes":500000,"hits":0}
BENCH_MEMO {"dex":0,"bytes":0,"probes":500000,"hits":0}
BENCH_MEMO {"dex":0,"bytes":0,"probes":500000,"hits":0}
BENCH_MEMO {"dex":0,"bytes":1048576,"probes":0,"hits":0}
BENCH_MEMO {"dex":0,"bytes":1048576,"probes":0,"hits":0}
BENCH_MEMO {"dex":0,"bytes":1048576,"probes":0,"hits":0}
CHECK_MEMO {"case":"unique_short_negative","pair":0,"base_ns":604167,"memo_ns":626042,"base_parses":32768,"memo_parses":32768,"returned_hits":0,"passed":true}
CHECK_MEMO {"case":"unique_short_negative","pair":1,"base_ns":604583,"memo_ns":622500,"base_parses":32768,"memo_parses":32768,"returned_hits":0,"passed":true}
CHECK_MEMO {"case":"unique_short_negative","pair":2,"base_ns":609625,"memo_ns":628708,"base_parses":32768,"memo_parses":32768,"returned_hits":0,"passed":true}
CHECK_MEMO {"case":"unique_short_negative","pair":3,"base_ns":602500,"memo_ns":621875,"base_parses":32768,"memo_parses":32768,"returned_hits":0,"passed":true}
CHECK_MEMO {"case":"unique_short_negative","pair":4,"base_ns":598125,"memo_ns":620583,"base_parses":32768,"memo_parses":32768,"returned_hits":0,"passed":true}
CHECK_MEMO {"case":"unique_short_negative","pair":5,"base_ns":606167,"memo_ns":621583,"base_parses":32768,"memo_parses":32768,"returned_hits":0,"passed":true}
CHECK_MEMO {"case":"repeated_negative","pair":0,"base_ns":6426291,"memo_ns":511750,"base_parses":500000,"memo_parses":64,"returned_hits":0,"passed":true}
CHECK_MEMO {"case":"repeated_negative","pair":1,"base_ns":5267000,"memo_ns":482000,"base_parses":500000,"memo_parses":64,"returned_hits":0,"passed":true}
CHECK_MEMO {"case":"repeated_negative","pair":2,"base_ns":5245250,"memo_ns":490667,"base_parses":500000,"memo_parses":64,"returned_hits":0,"passed":true}
CHECK_MEMO {"case":"repeated_negative","pair":3,"base_ns":5510625,"memo_ns":490791,"base_parses":500000,"memo_parses":64,"returned_hits":0,"passed":true}
CHECK_MEMO {"case":"repeated_negative","pair":4,"base_ns":5249625,"memo_ns":516708,"base_parses":500000,"memo_parses":64,"returned_hits":0,"passed":true}
CHECK_MEMO {"case":"repeated_negative","pair":5,"base_ns":5235125,"memo_ns":485750,"base_parses":500000,"memo_parses":64,"returned_hits":0,"passed":true}
CHECK_MEMO {"case":"repeated_positive","pair":0,"base_ns":64624667,"memo_ns":64439125,"base_parses":500000,"memo_parses":500000,"returned_hits":500000,"passed":true}
CHECK_MEMO {"case":"repeated_positive","pair":1,"base_ns":64151792,"memo_ns":64024708,"base_parses":500000,"memo_parses":500000,"returned_hits":500000,"passed":true}
CHECK_MEMO {"case":"repeated_positive","pair":2,"base_ns":65488834,"memo_ns":66025750,"base_parses":500000,"memo_parses":500000,"returned_hits":500000,"passed":true}
CHECK_MEMO {"case":"repeated_positive","pair":3,"base_ns":65613750,"memo_ns":64961375,"base_parses":500000,"memo_parses":500000,"returned_hits":500000,"passed":true}
CHECK_MEMO {"case":"repeated_positive","pair":4,"base_ns":64554416,"memo_ns":64506166,"base_parses":500000,"memo_parses":500000,"returned_hits":500000,"passed":true}
CHECK_MEMO {"case":"repeated_positive","pair":5,"base_ns":64509333,"memo_ns":64485584,"base_parses":500000,"memo_parses":500000,"returned_hits":500000,"passed":true}
CHECK_MEMO {"case":"over_budget","pair":0,"base_ns":5259042,"memo_ns":5629125,"base_parses":500000,"memo_parses":500000,"returned_hits":0,"passed":true}
CHECK_MEMO {"case":"over_budget","pair":1,"base_ns":5257167,"memo_ns":5401917,"base_parses":500000,"memo_parses":500000,"returned_hits":0,"passed":true}
CHECK_MEMO {"case":"over_budget","pair":2,"base_ns":5516000,"memo_ns":5401209,"base_parses":500000,"memo_parses":500000,"returned_hits":0,"passed":true}
CHECK_MEMO {"case":"over_budget","pair":3,"base_ns":5438916,"memo_ns":5355750,"base_parses":500000,"memo_parses":500000,"returned_hits":0,"passed":true}
CHECK_MEMO {"case":"over_budget","pair":4,"base_ns":5274250,"memo_ns":5404542,"base_parses":500000,"memo_parses":500000,"returned_hits":0,"passed":true}
CHECK_MEMO {"case":"over_budget","pair":5,"base_ns":5263000,"memo_ns":5550250,"base_parses":500000,"memo_parses":500000,"returned_hits":0,"passed":true}
CHECK_MEMO {"case":"no_visits","pair":0,"base_ns":83,"memo_ns":74625,"base_parses":0,"memo_parses":0,"returned_hits":0,"passed":true}
CHECK_MEMO {"case":"no_visits","pair":1,"base_ns":42,"memo_ns":13083,"base_parses":0,"memo_parses":0,"returned_hits":0,"passed":true}
CHECK_MEMO {"case":"no_visits","pairBENCH_MEMO {"dex":0,"bytes":1048576,"probes":0,"hits":0}
BENCH_MEMO {"dex":0,"bytes":1048576,"probes":0,"hits":0}
BENCH_MEMO {"dex":0,"bytes":1048576,"probes":0,"hits":0}
BENCH_MEMO {"dex":0,"bytes":1048576,"probes":1,"hits":0}
BENCH_MEMO {"dex":0,"bytes":1048576,"probes":1,"hits":0}
BENCH_MEMO {"dex":0,"bytes":1048576,"probes":1,"hits":0}
BENCH_MEMO {"dex":0,"bytes":1048576,"probes":1,"hits":0}
BENCH_MEMO {"dex":0,"bytes":1048576,"probes":1,"hits":0}
BENCH_MEMO {"dex":0,"bytes":1048576,"probes":1,"hits":0}
":2,"base_ns":42,"memo_ns":12792,"base_parses":0,"memo_parses":0,"returned_hits":0,"passed":true}
CHECK_MEMO {"case":"no_visits","pair":3,"base_ns":125,"memo_ns":12250,"base_parses":0,"memo_parses":0,"returned_hits":0,"passed":true}
CHECK_MEMO {"case":"no_visits","pair":4,"base_ns":41,"memo_ns":11000,"base_parses":0,"memo_parses":0,"returned_hits":0,"passed":true}
CHECK_MEMO {"case":"no_visits","pair":5,"base_ns":83,"memo_ns":11167,"base_parses":0,"memo_parses":0,"returned_hits":0,"passed":true}
CHECK_MEMO {"case":"one_visit_large_directory","pair":0,"base_ns":208,"memo_ns":11166,"base_parses":1,"memo_parses":1,"returned_hits":0,"passed":true}
CHECK_MEMO {"case":"one_visit_large_directory","pair":1,"base_ns":42,"memo_ns":10958,"base_parses":1,"memo_parses":1,"returned_hits":0,"passed":true}
CHECK_MEMO {"case":"one_visit_large_directory","pair":2,"base_ns":42,"memo_ns":10916,"base_parses":1,"memo_parses":1,"returned_hits":0,"passed":true}
CHECK_MEMO {"case":"one_visit_large_directory","pair":3,"base_ns":83,"memo_ns":10875,"base_parses":1,"memo_parses":1,"returned_hits":0,"passed":true}
CHECK_MEMO {"case":"one_visit_large_directory","pair":4,"base_ns":42,"memo_ns":10584,"base_parses":1,"memo_parses":1,"returned_hits":0,"passed":true}
CHECK_MEMO {"case":"one_visit_large_directory","pair":5,"base_ns":42,"memo_ns":11042,"base_parses":1,"memo_parses":1,"returned_hits":0,"passed":true}
