BENCH_DESCRIPTOR_STORAGE {"phase":"create","dex":0,"kind":"method","entries":60457,"records":0,"pages":0,"blocks":0,"capacity_bytes":0,"used_bytes":0,"character_bytes":0,"record_bytes":0,"cold_lock_count":0,"cold_lock_wait_ns":0}
BENCH_DESCRIPTOR_STORAGE {"phase":"create","dex":0,"kind":"field","entries":32085,"records":0,"pages":0,"blocks":0,"capacity_bytes":0,"used_bytes":0,"character_bytes":0,"record_bytes":0,"cold_lock_count":0,"cold_lock_wait_ns":0}
BENCH_CENSUS {"phase":"create","dexes":1,"method_ids":60457,"field_ids":32085,"mapped_bytes":8626288,"slot_sizes":[16,16,16]}
BENCH_CENSUS {"phase":"create","category":"aggregate_work","index_bytes":0,"payload_capacity_bytes":0,"entries":0,"nonempty_or_ready":0,"live_buffers":0}
BENCH_CENSUS {"phase":"create","category":"annotations","index_bytes":0,"payload_capacity_bytes":0,"entries":0,"nonempty_or_ready":0,"live_buffers":0}
BENCH_CENSUS {"phase":"create","category":"base_arrays","index_bytes":3384302,"payload_capacity_bytes":0,"entries":363064,"nonempty_or_ready":0,"live_buffers":12}
BENCH_CENSUS {"phase":"create","category":"callers","index_bytes":0,"payload_capacity_bytes":0,"entries":0,"nonempty_or_ready":0,"live_buffers":0}
BENCH_CENSUS {"phase":"create","category":"class_members","index_bytes":429216,"payload_capacity_bytes":467400,"entries":17884,"nonempty_or_ready":11572,"live_buffers":11574}
BENCH_CENSUS {"phase":"create","category":"descriptors","index_bytes":5144,"payload_capacity_bytes":0,"entries":92542,"nonempty_or_ready":0,"live_buffers":2}
BENCH_CENSUS {"phase":"create","category":"field_readers","index_bytes":0,"payload_capacity_bytes":0,"entries":0,"nonempty_or_ready":0,"live_buffers":0}
BENCH_CENSUS {"phase":"create","category":"field_writers","index_bytes":0,"payload_capacity_bytes":0,"entries":0,"nonempty_or_ready":0,"live_buffers":0}
BENCH_CENSUS {"phase":"create","category":"full_numbers","index_bytes":0,"payload_capacity_bytes":0,"entries":0,"nonempty_or_ready":0,"live_buffers":0}
BENCH_CENSUS {"phase":"create","category":"full_opcodes","index_bytes":0,"payload_capacity_bytes":0,"entries":0,"nonempty_or_ready":0,"live_buffers":0}
BENCH_CENSUS {"phase":"create","category":"invokes","index_bytes":0,"payload_capacity_bytes":0,"entries":0,"nonempty_or_ready":0,"live_buffers":0}
BENCH_CENSUS {"phase":"create","category":"lazy_numbers","index_bytes":0,"payload_capacity_bytes":0,"entries":0,"nonempty_or_ready":0,"live_buffers":0}
BENCH_CENSUS {"phase":"create","category":"lazy_opcodes","index_bytes":0,"payload_capacity_bytes":0,"entries":0,"nonempty_or_ready":0,"live_buffers":0}
BENCH_CENSUS {"phase":"create","category":"lazy_strings","index_bytes":0,"payload_capacity_bytes":0,"entries":0,"nonempty_or_ready":0,"live_buffers":0}
BENCH_CENSUS {"phase":"create","category":"pending_cross_refs","index_bytes":429216,"payload_capacity_bytes":34680,"entries":17884,"nonempty_or_ready":904,"live_buffers":906}
BENCH_CENSUS {"phase":"create","category":"using_fields","index_bytes":0,"payload_capacity_bytes":0,"entries":0,"nonempty_or_ready":0,"live_buffers":0}
BENCH_CENSUS {"phase":"create","category":"using_strings","index_bytes":0,"payload_capacity_bytes":0,"entries":0,"nonempty_or_ready":0,"live_buffers":0}
BENCH_DESCRIPTOR {"reason":"output","method_builds":0,"field_builds":0,"materialized_bytes":0}
BENCH_DESCRIPTOR {"reason":"cross_reference","method_builds":0,"field_builds":0,"materialized_bytes":0}
BENCH_DESCRIPTOR {"reason":"lookup","method_builds":0,"field_builds":0,"materialized_bytes":0}
BENCH_DESCRIPTOR {"method_comparisons":0,"field_comparisons":0}
BENCH_CENSUS {"phase":"create","diagnostic_ns":162541}
BENCH_DESCRIPTOR_STORAGE {"phase":"create","dex":0,"kind":"method","entries":60457,"records":0,"pages":0,"blocks":0,"capacity_bytes":0,"used_bytes":0,"character_bytes":0,"record_bytes":0,"cold_lock_count":0,"cold_lock_wait_ns":0}
BENCH_DESCRIPTOR_STORAGE {"phase":"create","dex":0,"kind":"field","entries":32085,"records":0,"pages":0,"blocks":0,"capacity_bytes":0,"used_bytes":0,"character_bytes":0,"record_bytes":0,"cold_lock_count":0,"cold_lock_wait_ns":0}
BENCH_CENSUS {"phase":"create","dexes":1,"method_ids":60457,"field_ids":32085,"mapped_bytes":8626288,"slot_sizes":[16,16,16]}
BENCH_CENSUS {"phase":"create","category":"aggregate_work","index_bytes":0,"payload_capacity_bytes":0,"entries":0,"nonempty_or_ready":0,"live_buffers":0}
BENCH_CENSUS {"phase":"create","category":"annotations","index_bytes":0,"payload_capacity_bytes":0,"entries":0,"nonempty_or_ready":0,"live_buffers":0}
BENCH_CENSUS {"phase":"create","category":"base_arrays","index_bytes":3384302,"payload_capacity_bytes":0,"entries":363064,"nonempty_or_ready":0,"live_buffers":12}
BENCH_CENSUS {"phase":"create","category":"callers","index_bytes":0,"payload_capacity_bytes":0,"entries":0,"nonempty_or_ready":0,"live_buffers":0}
BENCH_CENSUS {"phase":"create","category":"class_members","index_bytes":429216,"payload_capacity_bytes":467400,"entries":17884,"nonempty_or_ready":11572,"live_buffers":11574}
BENCH_CENSUS {"phase":"create","category":"descriptors","index_bytes":5144,"payload_capacity_bytes":0,"entries":92542,"nonempty_or_ready":0,"live_buffers":2}
BENCH_CENSUS {"phase":"create","category":"field_readers","index_bytes":0,"payload_capacity_bytes":0,"entries":0,"nonempty_or_ready":0,"live_buffers":0}
BENCH_CENSUS {"phase":"create","category":"field_writers","index_bytes":0,"payload_capacity_bytes":0,"entries":0,"nonempty_or_ready":0,"live_buffers":0}
BENCH_CENSUS {"phase":"create","category":"full_numbers","index_bytes":0,"payload_capacity_bytes":0,"entries":0,"nonempty_or_ready":0,"live_buffers":0}
BENCH_CENSUS {"phase":"create","category":"full_opcodes","index_bytes":0,"payload_capacity_bytes":0,"entries":0,"nonempty_or_ready":0,"live_buffers":0}
BENCH_CENSUS {"phase":"create","category":"invokes","index_bytes":0,"payload_capacity_bytes":0,"entries":0,"nonempty_or_ready":0,"live_buffers":0}
BENCH_CENSUS {"phase":"create","category":"lazy_numbers","index_bytes":0,"payload_capacity_bytes":0,"entries":0,"nonempty_or_ready":0,"live_buffers":0}
BENCH_CENSUS {"phase":"create","category":"lazy_opcodes","index_bytes":0,"payload_capacity_bytes":0,"entries":0,"nonempty_or_ready":0,"live_buffers":0}
BENCH_CENSUS {"phase":"create","category":"lazy_strings","index_bytes":0,"payload_capacity_bytes":0,"entries":0,"nonempty_or_ready":0,"live_buffers":0}
BENCH_CENSUS {"phase":"create","category":"pending_cross_refs","index_bytes":429216,"payload_capacity_bytes":34680,"entries":17884,"nonempty_or_ready":904,"live_buffers":906}
BENCH_CENSUS {"phase":"create","category":"using_fields","index_bytes":0,"payload_capacity_bytes":0,"entries":0,"nonempty_or_ready":0,"live_buffers":0}
BENCH_CENSUS {"phase":"create","category":"using_strings","index_bytes":0,"payload_capacity_bytes":0,"entries":0,"nonempty_or_ready":0,"live_buffers":0}
BENCH_DESCRIPTOR {"reason":"output","method_builds":0,"field_builds":0,"materialized_bytes":0}
BENCH_DESCRIPTOR {"reason":"cross_reference","method_builds":0,"field_builds":0,"materialized_bytes":0}
BENCH_DESCRIPTOR {"reason":"lookup","method_builds":0,"field_builds":0,"materialized_bytes":0}
BENCH_DESCRIPTOR {"method_comparisons":0,"field_comparisons":0}
BENCH_CENSUS {"phase":"create","diagnostic_ns":124041}
BENCH_DESCRIPTOR_STORAGE {"phase":"create","dex":0,"kind":"method","entries":60457,"records":0,"pages":0,"blocks":0,"capacity_bytes":0,"used_bytes":0,"character_bytes":0,"record_bytes":0,"cold_lock_count":0,"cold_lock_wait_ns":0}
BENCH_DESCRIPTOR_STORAGE {"phase":"create","dex":0,"kind":"field","entries":32085,"records":0,"pages":0,"blocks":0,"capacity_bytes":0,"used_bytes":0,"character_bytes":0,"record_bytes":0,"cold_lock_count":0,"cold_lock_wait_ns":0}
BENCH_CENSUS {"phase":"create","dexes":1,"method_ids":60457,"field_ids":32085,"mapped_bytes":8626288,"slot_sizes":[16,16,16]}
BENCH_CENSUS {"phase":"create","category":"aggregate_work","index_bytes":0,"payload_capacity_bytes":0,"entries":0,"nonempty_or_ready":0,"live_buffers":0}
BENCH_CENSUS {"phase":"create","category":"annotations","index_bytes":0,"payload_capacity_bytes":0,"entries":0,"nonempty_or_ready":0,"live_buffers":0}
BENCH_CENSUS {"phase":"create","category":"base_arrays","index_bytes":3384302,"payload_capacity_bytes":0,"entries":363064,"nonempty_or_ready":0,"live_buffers":12}
BENCH_CENSUS {"phase":"create","category":"callers","index_bytes":0,"payload_capacity_bytes":0,"entries":0,"nonempty_or_ready":0,"live_buffers":0}
BENCH_CENSUS {"phase":"create","category":"class_members","index_bytes":429216,"payload_capacity_bytes":467400,"entries":17884,"nonempty_or_ready":11572,"live_buffers":11574}
BENCH_CENSUS {"phase":"create","category":"descriptors","index_bytes":5144,"payload_capacity_bytes":0,"entries":92542,"nonempty_or_ready":0,"live_buffers":2}
BENCH_CENSUS {"phase":"create","category":"field_readers","index_bytes":0,"payload_capacity_bytes":0,"entries":0,"nonempty_or_ready":0,"live_buffers":0}
BENCH_CENSUS {"phase":"create","category":"field_writers","index_bytes":0,"payload_capacity_bytes":0,"entries":0,"nonempty_or_ready":0,"live_buffers":0}
BENCH_CENSUS {"phase":"create","category":"full_numbers","index_bytes":0,"payload_capacity_bytes":0,"entries":0,"nonempty_or_ready":0,"live_buffers":0}
BENCH_CENSUS {"phase":"create","category":"full_opcodes","index_bytes":0,"payload_capacity_bytes":0,"entries":0,"nonempty_or_ready":0,"live_buffers":0}
BENCH_CENSUS {"phase":"create","category":"invokes","index_bytes":0,"payload_capacity_bytes":0,"entries":0,"nonempty_or_ready":0,"live_buffers":0}
BENCH_CENSUS {"phase":"create","category":"lazy_numbers","index_bytes":0,"payload_capacity_bytes":0,"entries":0,"nonempty_or_ready":0,"live_buffers":0}
BENCH_CENSUS {"phase":"create","category":"lazy_opcodes","index_bytes":0,"payload_capacity_bytes":0,"entries":0,"nonempty_or_ready":0,"live_buffers":0}
BENCH_CENSUS {"phase":"create","category":"lazy_strings","index_bytes":0,"payload_capacity_bytes":0,"entries":0,"nonempty_or_ready":0,"live_buffers":0}
BENCH_CENSUS {"phase":"create","category":"pending_cross_refs","index_bytes":429216,"payload_capacity_bytes":34680,"entries":17884,"nonempty_or_ready":904,"live_buffers":906}
BENCH_CENSUS {"phase":"create","category":"using_fields","index_bytes":0,"payload_capacity_bytes":0,"entries":0,"nonempty_or_ready":0,"live_buffers":0}
BENCH_CENSUS {"phase":"create","category":"using_strings","index_bytes":0,"payload_capacity_bytes":0,"entries":0,"nonempty_or_ready":0,"live_buffers":0}
BENCH_DESCRIPTOR {"reason":"output","method_builds":0,"field_builds":0,"materialized_bytes":0}
BENCH_DESCRIPTOR {"reason":"cross_reference","method_builds":0,"field_builds":0,"materialized_bytes":0}
BENCH_DESCRIPTOR {"reason":"lookup","method_builds":0,"field_builds":0,"materialized_bytes":0}
BENCH_DESCRIPTOR {"method_comparisons":0,"field_comparisons":0}
BENCH_CENSUS {"phase":"create","diagnostic_ns":105458}
CHECK_METADATA {"methods":60457,"empty_methods":8109,"duplicate_string_methods":16,"workers":8,"passed":true}
BENCH_DESCRIPTOR_STORAGE {"phase":"pre_close","dex":0,"kind":"method","entries":60457,"records":0,"pages":0,"blocks":0,"capacity_bytes":0,"used_bytes":0,"character_bytes":0,"record_bytes":0,"cold_lock_count":0,"cold_lock_wait_ns":0}
BENCH_DESCRIPTOR_STORAGE {"phase":"pre_close","dex":0,"kind":"field","entries":32085,"records":0,"pages":0,"blocks":0,"capacity_bytes":0,"used_bytes":0,"character_bytes":0,"record_bytes":0,"cold_lock_count":0,"cold_lock_wait_ns":0}
BENCH_CENSUS {"phase":"pre_close","dexes":1,"method_ids":60457,"field_ids":32085,"mapped_bytes":8626288,"slot_sizes":[16,16,16]}
BENCH_CENSUS {"phase":"pre_close","category":"aggregate_work","index_bytes":0,"payload_capacity_bytes":0,"entries":0,"nonempty_or_ready":0,"live_buffers":0}
BENCH_CENSUS {"phase":"pre_close","category":"annotations","index_bytes":0,"payload_capacity_bytes":0,"entries":0,"nonempty_or_ready":0,"live_buffers":0}
BENCH_CENSUS {"phase":"pre_close","category":"base_arrays","index_bytes":3384302,"payload_capacity_bytes":0,"entries":363064,"nonempty_or_ready":0,"live_buffers":12}
BENCH_CENSUS {"phase":"pre_close","category":"callers","index_bytes":0,"payload_capacity_bytes":0,"entries":0,"nonempty_or_ready":0,"live_buffers":0}
BENCH_CENSUS {"phase":"pre_close","category":"class_members","index_bytes":429216,"payload_capacity_bytes":467400,"entries":17884,"nonempty_or_ready":11572,"live_buffers":11574}
BENCH_CENSUS {"phase":"pre_close","category":"descriptors","index_bytes":5144,"payload_capacity_bytes":0,"entries":92542,"nonempty_or_ready":0,"live_buffers":2}
BENCH_CENSUS {"phase":"pre_close","category":"field_readers","index_bytes":0,"payload_capacity_bytes":0,"entries":0,"nonempty_or_ready":0,"live_buffers":0}
BENCH_CENSUS {"phase":"pre_close","category":"field_writers","index_bytes":0,"payload_capacity_bytes":0,"entries":0,"nonempty_or_ready":0,"live_buffers":0}
BENCH_CENSUS {"phase":"pre_close","category":"full_numbers","index_bytes":0,"payload_capacity_bytes":0,"entries":0,"nonempty_or_ready":0,"live_buffers":0}
BENCH_CENSUS {"phase":"pre_close","category":"full_opcodes","index_bytes":0,"payload_capacity_bytes":0,"entries":0,"nonempty_or_ready":0,"live_buffers":0}
BENCH_CENSUS {"phase":"pre_close","category":"invokes","index_bytes":0,"payload_capacity_bytes":0,"entries":0,"nonempty_or_ready":0,"live_buffers":0}
BENCH_CENSUS {"phase":"pre_close","category":"lazy_numbers","index_bytes":967312,"payload_capacity_bytes":2546344,"entries":60457,"nonempty_or_ready":60457,"live_buffers":81144}
BENCH_CENSUS {"phase":"pre_close","category":"lazy_opcodes","index_bytes":967312,"payload_capacity_bytes":2334289,"entries":60457,"nonempty_or_ready":60457,"live_buffers":112806}
BENCH_CENSUS {"phase":"pre_close","category":"lazy_strings","index_bytes":967312,"payload_capacity_bytes":1549528,"entries":60457,"nonempty_or_ready":60457,"live_buffers":71547}
BENCH_CENSUS {"phase":"pre_close","category":"pending_cross_refs","index_bytes":429216,"payload_capacity_bytes":34680,"entries":17884,"nonempty_or_ready":904,"live_buffers":906}
BENCH_CENSUS {"phase":"pre_close","category":"using_fields","index_bytes":0,"payload_capacity_bytes":0,"entries":0,"nonempty_or_ready":0,"live_buffers":0}
BENCH_CENSUS {"phase":"pre_close","category":"using_strings","index_bytes":0,"payload_capacity_bytes":0,"entries":0,"nonempty_or_ready":0,"live_buffers":0}
BENCH_DESCRIPTOR {"reason":"output","method_builds":0,"field_builds":0,"materialized_bytes":0}
BENCH_DESCRIPTOR {"reason":"cross_reference","method_builds":0,"field_builds":0,"materialized_bytes":0}
BENCH_DESCRIPTOR {"reason":"lookup","method_builds":0,"field_builds":0,"materialized_bytes":0}
BENCH_DESCRIPTOR {"method_comparisons":0,"field_comparisons":0}
BENCH_CENSUS {"phase":"pre_close","diagnostic_ns":999583}
BENCH_CLOSE {"worker_shutdown_ns":0}
BENCH_DESCRIPTOR_STORAGE {"phase":"pre_close","dex":0,"kind":"method","entries":60457,"records":0,"pages":0,"blocks":0,"capacity_bytes":0,"used_bytes":0,"character_bytes":0,"record_bytes":0,"cold_lock_count":0,"cold_lock_wait_ns":0}
BENCH_DESCRIPTOR_STORAGE {"phase":"pre_close","dex":0,"kind":"field","entries":32085,"records":0,"pages":0,"blocks":0,"capacity_bytes":0,"used_bytes":0,"character_bytes":0,"record_bytes":0,"cold_lock_count":0,"cold_lock_wait_ns":0}
BENCH_GROWTH {"phase":"pre_close","dex":0,"growths":16,"moved_id_bytes":131068,"peak_overlap_bytes":196608,"ids":21917,"capacity":32768}
BENCH_CENSUS {"phase":"pre_close","dexes":1,"method_ids":60457,"field_ids":32085,"mapped_bytes":8626288,"slot_sizes":[16,16,16]}
BENCH_CENSUS {"phase":"pre_close","category":"aggregate_work","index_bytes":0,"payload_capacity_bytes":0,"entries":0,"nonempty_or_ready":0,"live_buffers":0}
BENCH_CENSUS {"phase":"pre_close","category":"annotations","index_bytes":2262840,"payload_capacity_bytes":239688,"entries":161941,"nonempty_or_ready":15204,"live_buffers":15208}
BENCH_CENSUS {"phase":"pre_close","category":"base_arrays","index_bytes":3384302,"payload_capacity_bytes":0,"entries":363064,"nonempty_or_ready":0,"live_buffers":12}
BENCH_CENSUS {"phase":"pre_close","category":"callers","index_bytes":1450968,"payload_capacity_bytes":1702912,"entries":60457,"nonempty_or_ready":34863,"live_buffers":34864}
BENCH_CENSUS {"phase":"pre_close","category":"class_members","index_bytes":429216,"payload_capacity_bytes":467400,"entries":17884,"nonempty_or_ready":11572,"live_buffers":11574}
BENCH_CENSUS {"phase":"pre_close","category":"descriptors","index_bytes":5144,"payload_capacity_bytes":0,"entries":92542,"nonempty_or_ready":0,"live_buffers":2}
BENCH_CENSUS {"phase":"pre_close","category":"field_readers","index_bytes":770040,"payload_capacity_bytes":672432,"entries":32085,"nonempty_or_ready":16980,"live_buffers":16981}
BENCH_CENSUS {"phase":"pre_close","category":"field_writers","index_bytes":770040,"payload_capacity_bytes":231704,"entries":32085,"nonempty_or_ready":15164,"live_buffers":15165}
BENCH_CENSUS {"phase":"pre_close","category":"full_numbers","index_bytes":1450968,"payload_capacity_bytes":1095376,"entries":60457,"nonempty_or_ready":20686,"live_buffers":20687}
BENCH_CENSUS {"phase":"pre_close","category":"full_opcodes","index_bytes":1934624,"payload_capacity_bytes":883321,"entries":60457,"nonempty_or_ready":0,"live_buffers":52349}
BENCH_CENSUS {"phase":"pre_close","category":"invokes","index_bytes":1450968,"payload_capacity_bytes":827492,"entries":60457,"nonempty_or_ready":44654,"live_buffers":44655}
BENCH_CENSUS {"phase":"pre_close","category":"lazy_numbers","index_bytes":967312,"payload_capacity_bytes":2546344,"entries":60457,"nonempty_or_ready":60457,"live_buffers":81144}
BENCH_CENSUS {"phase":"pre_close","category":"lazy_opcodes","index_bytes":967312,"payload_capacity_bytes":2334289,"entries":60457,"nonempty_or_ready":60457,"live_buffers":112806}
BENCH_CENSUS {"phase":"pre_close","category":"lazy_strings","index_bytes":967312,"payload_capacity_bytes":1549528,"entries":60457,"nonempty_or_ready":60457,"live_buffers":71547}
BENCH_CENSUS {"phase":"pre_close","category":"pending_cross_refs","index_bytes":0,"payload_capacity_bytes":0,"entries":0,"nonempty_or_ready":0,"live_buffers":0}
BENCH_CENSUS {"phase":"pre_close","category":"using_fields","index_bytes":1450968,"payload_capacity_bytes":915480,"entries":60457,"nonempty_or_ready":28047,"live_buffers":28048}
BENCH_CENSUS {"phase":"pre_close","category":"using_strings","index_bytes":725484,"payload_capacity_bytes":131072,"entries":60457,"nonempty_or_ready":11089,"live_buffers":3}
BENCH_DESCRIPTOR {"reason":"output","method_builds":0,"field_builds":0,"materialized_bytes":0}
BENCH_DESCRIPTOR {"reason":"cross_reference","method_builds":0,"field_builds":0,"materialized_bytes":0}
BENCH_DESCRIPTOR {"reason":"lookup","method_builds":0,"field_builds":0,"materialized_bytes":0}
BENCH_DESCRIPTOR {"method_comparisons":0,"field_comparisons":0}
BENCH_CENSUS {"phase":"pre_close","diagnostic_ns":3695458}
BENCH_CLOSE {"worker_shutdown_ns":42}
BENCH_DESCRIPTOR_STORAGE {"phase":"pre_close","dex":0,"kind":"method","entries":60457,"records":0,"pages":0,"blocks":0,"capacity_bytes":0,"used_bytes":0,"character_bytes":0,"record_bytes":0,"cold_lock_count":0,"cold_lock_wait_ns":0}
BENCH_DESCRIPTOR_STORAGE {"phase":"pre_close","dex":0,"kind":"field","entries":32085,"records":0,"pages":0,"blocks":0,"capacity_bytes":0,"used_bytes":0,"character_bytes":0,"record_bytes":0,"cold_lock_count":0,"cold_lock_wait_ns":0}
BENCH_GROWTH {"phase":"pre_close","dex":0,"growths":16,"moved_id_bytes":131068,"peak_overlap_bytes":196608,"ids":21917,"capacity":32768}
BENCH_CENSUS {"phase":"pre_close","dexes":1,"method_ids":60457,"field_ids":32085,"mapped_bytes":8626288,"slot_sizes":[16,16,16]}
BENCH_CENSUS {"phase":"pre_close","category":"aggregate_work","index_bytes":0,"payload_capacity_bytes":0,"entries":0,"nonempty_or_ready":0,"live_buffers":0}
BENCH_CENSUS {"phase":"pre_close","category":"annotations","index_bytes":2262840,"payload_capacity_bytes":239688,"entries":161941,"nonempty_or_ready":15204,"live_buffers":15208}
BENCH_CENSUS {"phase":"pre_close","category":"base_arrays","index_bytes":3384302,"payload_capacity_bytes":0,"entries":363064,"nonempty_or_ready":0,"live_buffers":12}
BENCH_CENSUS {"phase":"pre_close","category":"callers","index_bytes":1450968,"payload_capacity_bytes":1702912,"entries":60457,"nonempty_or_ready":34863,"live_buffers":34864}
BENCH_CENSUS {"phase":"pre_close","category":"class_members","index_bytes":429216,"payload_capacity_bytes":467400,"entries":17884,"nonempty_or_ready":11572,"live_buffers":11574}
BENCH_CENSUS {"phase":"pre_close","category":"descriptors","index_bytes":5144,"payload_capacity_bytes":0,"entries":92542,"nonempty_or_ready":0,"live_buffers":2}
BENCH_CENSUS {"phase":"pre_close","category":"field_readers","index_bytes":770040,"payload_capacity_bytes":672432,"entries":32085,"nonempty_or_ready":16980,"live_buffers":16981}
BENCH_CENSUS {"phase":"pre_close","category":"field_writers","index_bytes":770040,"payload_capacity_bytes":231704,"entries":32085,"nonempty_or_ready":15164,"live_buffers":15165}
BENCH_CENSUS {"phase":"pre_close","category":"full_numbers","index_bytes":1450968,"payload_capacity_bytes":1095376,"entries":60457,"nonempty_or_ready":20686,"live_buffers":20687}
BENCH_CENSUS {"phase":"pre_close","category":"full_opcodes","index_bytes":1934624,"payload_capacity_bytes":883321,"entries":60457,"nonempty_or_ready":0,"live_buffers":52349}
BENCH_CENSUS {"phase":"pre_close","category":"invokes","index_bytes":1450968,"payload_capacity_bytes":827492,"entries":60457,"nonempty_or_ready":44654,"live_buffers":44655}
BENCH_CENSUS {"phase":"pre_close","category":"lazy_numbers","index_bytes":0,"payload_capacity_bytes":0,"entries":0,"nonempty_or_ready":0,"live_buffers":0}
BENCH_CENSUS {"phase":"pre_close","category":"lazy_opcodes","index_bytes":0,"payload_capacity_bytes":0,"entries":0,"nonempty_or_ready":0,"live_buffers":0}
BENCH_CENSUS {"phase":"pre_close","category":"lazy_strings","index_bytes":0,"payload_capacity_bytes":0,"entries":0,"nonempty_or_ready":0,"live_buffers":0}
BENCH_CENSUS {"phase":"pre_close","category":"pending_cross_refs","index_bytes":0,"payload_capacity_bytes":0,"entries":0,"nonempty_or_ready":0,"live_buffers":0}
BENCH_CENSUS {"phase":"pre_close","category":"using_fields","index_bytes":1450968,"payload_capacity_bytes":915480,"entries":60457,"nonempty_or_ready":28047,"live_buffers":28048}
BENCH_CENSUS {"phase":"pre_close","category":"using_strings","index_bytes":725484,"payload_capacity_bytes":131072,"entries":60457,"nonempty_or_ready":11089,"live_buffers":3}
BENCH_DESCRIPTOR {"reason":"output","method_builds":0,"field_builds":0,"materialized_bytes":0}
BENCH_DESCRIPTOR {"reason":"cross_reference","method_builds":0,"field_builds":0,"materialized_bytes":0}
BENCH_DESCRIPTOR {"reason":"lookup","method_builds":0,"field_builds":0,"materialized_bytes":0}
BENCH_DESCRIPTOR {"method_comparisons":0,"field_comparisons":0}
BENCH_CENSUS {"phase":"pre_close","diagnostic_ns":3173208}
BENCH_CLOSE {"worker_shutdown_ns":0}
