BENCH_CENSUS {"phase":"create","dexes":3,"method_ids":4127,"field_ids":15,"mapped_bytes":101980,"slot_sizes":[16,16,16]}
BENCH_CENSUS {"phase":"create","category":"aggregate_work","index_bytes":0,"payload_capacity_bytes":0,"entries":0,"nonempty_or_ready":0,"live_buffers":0}
BENCH_CENSUS {"phase":"create","category":"annotations","index_bytes":0,"payload_capacity_bytes":0,"entries":0,"nonempty_or_ready":0,"live_buffers":0}
BENCH_CENSUS {"phase":"create","category":"base_arrays","index_bytes":168270,"payload_capacity_bytes":0,"entries":16849,"nonempty_or_ready":0,"live_buffers":36}
BENCH_CENSUS {"phase":"create","category":"callers","index_bytes":0,"payload_capacity_bytes":0,"entries":0,"nonempty_or_ready":0,"live_buffers":0}
BENCH_CENSUS {"phase":"create","category":"class_members","index_bytes":3312,"payload_capacity_bytes":16588,"entries":138,"nonempty_or_ready":9,"live_buffers":18}
BENCH_CENSUS {"phase":"create","category":"descriptor_publication","index_bytes":10286,"payload_capacity_bytes":0,"entries":0,"nonempty_or_ready":0,"live_buffers":6}
BENCH_CENSUS {"phase":"create","category":"descriptors","index_bytes":132544,"payload_capacity_bytes":0,"entries":4142,"nonempty_or_ready":0,"live_buffers":6}
BENCH_CENSUS {"phase":"create","category":"field_readers","index_bytes":0,"payload_capacity_bytes":0,"entries":0,"nonempty_or_ready":0,"live_buffers":0}
BENCH_CENSUS {"phase":"create","category":"field_writers","index_bytes":0,"payload_capacity_bytes":0,"entries":0,"nonempty_or_ready":0,"live_buffers":0}
BENCH_CENSUS {"phase":"create","category":"full_numbers","index_bytes":0,"payload_capacity_bytes":0,"entries":0,"nonempty_or_ready":0,"live_buffers":0}
BENCH_CENSUS {"phase":"create","category":"full_opcodes","index_bytes":0,"payload_capacity_bytes":0,"entries":0,"nonempty_or_ready":0,"live_buffers":0}
BENCH_CENSUS {"phase":"create","category":"invokes","index_bytes":0,"payload_capacity_bytes":0,"entries":0,"nonempty_or_ready":0,"live_buffers":0}
BENCH_CENSUS {"phase":"create","category":"lazy_numbers","index_bytes":66032,"payload_capacity_bytes":0,"entries":4127,"nonempty_or_ready":0,"live_buffers":3}
BENCH_CENSUS {"phase":"create","category":"lazy_opcodes","index_bytes":66032,"payload_capacity_bytes":0,"entries":4127,"nonempty_or_ready":0,"live_buffers":3}
BENCH_CENSUS {"phase":"create","category":"lazy_strings","index_bytes":66032,"payload_capacity_bytes":0,"entries":4127,"nonempty_or_ready":0,"live_buffers":3}
BENCH_CENSUS {"phase":"create","category":"pending_cross_refs","index_bytes":2208,"payload_capacity_bytes":104,"entries":92,"nonempty_or_ready":4,"live_buffers":10}
BENCH_CENSUS {"phase":"create","category":"using_fields","index_bytes":0,"payload_capacity_bytes":0,"entries":0,"nonempty_or_ready":0,"live_buffers":0}
BENCH_CENSUS {"phase":"create","category":"using_strings","index_bytes":0,"payload_capacity_bytes":0,"entries":0,"nonempty_or_ready":0,"live_buffers":0}
BENCH_DESCRIPTOR {"reason":"output","method_builds":0,"field_builds":0,"materialized_bytes":0}
BENCH_DESCRIPTOR {"reason":"cross_reference","method_builds":0,"field_builds":0,"materialized_bytes":0}
BENCH_DESCRIPTOR {"reason":"lookup","method_builds":0,"field_builds":0,"materialized_bytes":0}
BENCH_DESCRIPTOR {"method_comparisons":0,"field_comparisons":0}
BENCH_CENSUS {"phase":"create","diagnostic_ns":364458}
BENCH_CENSUS {"phase":"create","dexes":3,"method_ids":4127,"field_ids":15,"mapped_bytes":101980,"slot_sizes":[16,16,16]}
BENCH_CENSUS {"phase":"create","category":"aggregate_work","index_bytes":0,"payload_capacity_bytes":0,"entries":0,"nonempty_or_ready":0,"live_buffers":0}
BENCH_CENSUS {"phase":"create","category":"annotations","index_bytes":0,"payload_capacity_bytes":0,"entries":0,"nonempty_or_ready":0,"live_buffers":0}
BENCH_CENSUS {"phase":"create","category":"base_arrays","index_bytes":168270,"payload_capacity_bytes":0,"entries":16849,"nonempty_or_ready":0,"live_buffers":36}
BENCH_CENSUS {"phase":"create","category":"callers","index_bytes":0,"payload_capacity_bytes":0,"entries":0,"nonempty_or_ready":0,"live_buffers":0}
BENCH_CENSUS {"phase":"create","category":"class_members","index_bytes":3312,"payload_capacity_bytes":16588,"entries":138,"nonempty_or_ready":9,"live_buffers":18}
BENCH_CENSUS {"phase":"create","category":"descriptor_publication","index_bytes":10286,"payload_capacity_bytes":0,"entries":0,"nonempty_or_ready":0,"live_buffers":6}
BENCH_CENSUS {"phase":"create","category":"descriptors","index_bytes":132544,"payload_capacity_bytes":0,"entries":4142,"nonempty_or_ready":0,"live_buffers":6}
BENCH_CENSUS {"phase":"create","category":"field_readers","index_bytes":0,"payload_capacity_bytes":0,"entries":0,"nonempty_or_ready":0,"live_buffers":0}
BENCH_CENSUS {"phase":"create","category":"field_writers","index_bytes":0,"payload_capacity_bytes":0,"entries":0,"nonempty_or_ready":0,"live_buffers":0}
BENCH_CENSUS {"phase":"create","category":"full_numbers","index_bytes":0,"payload_capacity_bytes":0,"entries":0,"nonempty_or_ready":0,"live_buffers":0}
BENCH_CENSUS {"phase":"create","category":"full_opcodes","index_bytes":0,"payload_capacity_bytes":0,"entries":0,"nonempty_or_ready":0,"live_buffers":0}
BENCH_CENSUS {"phase":"create","category":"invokes","index_bytes":0,"payload_capacity_bytes":0,"entries":0,"nonempty_or_ready":0,"live_buffers":0}
BENCH_CENSUS {"phase":"create","category":"lazy_numbers","index_bytes":66032,"payload_capacity_bytes":0,"entries":4127,"nonempty_or_ready":0,"live_buffers":3}
BENCH_CENSUS {"phase":"create","category":"lazy_opcodes","index_bytes":66032,"payload_capacity_bytes":0,"entries":4127,"nonempty_or_ready":0,"live_buffers":3}
BENCH_CENSUS {"phase":"create","category":"lazy_strings","index_bytes":66032,"payload_capacity_bytes":0,"entries":4127,"nonempty_or_ready":0,"live_buffers":3}
BENCH_CENSUS {"phase":"create","category":"pending_cross_refs","index_bytes":2208,"payload_capacity_bytes":104,"entries":92,"nonempty_or_ready":4,"live_buffers":10}
BENCH_CENSUS {"phase":"create","category":"using_fields","index_bytes":0,"payload_capacity_bytes":0,"entries":0,"nonempty_or_ready":0,"live_buffers":0}
BENCH_CENSUS {"phase":"create","category":"using_strings","index_bytes":0,"payload_capacity_bytes":0,"entries":0,"nonempty_or_ready":0,"live_buffers":0}
BENCH_DESCRIPTOR {"reason":"output","method_builds":0,"field_builds":0,"materialized_bytes":0}
BENCH_DESCRIPTOR {"reason":"cross_reference","method_builds":0,"field_builds":0,"materialized_bytes":0}
BENCH_DESCRIPTOR {"reason":"lookup","method_builds":0,"field_builds":0,"materialized_bytes":0}
BENCH_DESCRIPTOR {"method_comparisons":0,"field_comparisons":0}
BENCH_CENSUS {"phase":"create","diagnostic_ns":301708}
BENCH_CENSUS {"phase":"create","dexes":3,"method_ids":4127,"field_ids":15,"mapped_bytes":101980,"slot_sizes":[16,16,16]}
BENCH_CENSUS {"phase":"create","category":"aggregate_work","index_bytes":0,"payload_capacity_bytes":0,"entries":0,"nonempty_or_ready":0,"live_buffers":0}
BENCH_CENSUS {"phase":"create","category":"annotations","index_bytes":0,"payload_capacity_bytes":0,"entries":0,"nonempty_or_ready":0,"live_buffers":0}
BENCH_CENSUS {"phase":"create","category":"base_arrays","index_bytes":168270,"payload_capacity_bytes":0,"entries":16849,"nonempty_or_ready":0,"live_buffers":36}
BENCH_CENSUS {"phase":"create","category":"callers","index_bytes":0,"payload_capacity_bytes":0,"entries":0,"nonempty_or_ready":0,"live_buffers":0}
BENCH_CENSUS {"phase":"create","category":"class_members","index_bytes":3312,"payload_capacity_bytes":16588,"entries":138,"nonempty_or_ready":9,"live_buffers":18}
BENCH_CENSUS {"phase":"create","category":"descriptor_publication","index_bytes":10286,"payload_capacity_bytes":0,"entries":0,"nonempty_or_ready":0,"live_buffers":6}
BENCH_CENSUS {"phase":"create","category":"descriptors","index_bytes":132544,"payload_capacity_bytes":0,"entries":4142,"nonempty_or_ready":0,"live_buffers":6}
BENCH_CENSUS {"phase":"create","category":"field_readers","index_bytes":0,"payload_capacity_bytes":0,"entries":0,"nonempty_or_ready":0,"live_buffers":0}
BENCH_CENSUS {"phase":"create","category":"field_writers","index_bytes":0,"payload_capacity_bytes":0,"entries":0,"nonempty_or_ready":0,"live_buffers":0}
BENCH_CENSUS {"phase":"create","category":"full_numbers","index_bytes":0,"payload_capacity_bytes":0,"entries":0,"nonempty_or_ready":0,"live_buffers":0}
BENCH_CENSUS {"phase":"create","category":"full_opcodes","index_bytes":0,"payload_capacity_bytes":0,"entries":0,"nonempty_or_ready":0,"live_buffers":0}
BENCH_CENSUS {"phase":"create","category":"invokes","index_bytes":0,"payload_capacity_bytes":0,"entries":0,"nonempty_or_ready":0,"live_buffers":0}
BENCH_CENSUS {"phase":"create","category":"lazy_numbers","index_bytes":66032,"payload_capacity_bytes":0,"entries":4127,"nonempty_or_ready":0,"live_buffers":3}
BENCH_CENSUS {"phase":"create","category":"lazy_opcodes","index_bytes":66032,"payload_capacity_bytes":0,"entries":4127,"nonempty_or_ready":0,"live_buffers":3}
BENCH_CENSUS {"phase":"create","category":"lazy_strings","index_bytes":66032,"payload_capacity_bytes":0,"entries":4127,"nonempty_or_ready":0,"live_buffers":3}
BENCH_CENSUS {"phase":"create","category":"pending_cross_refs","index_bytes":2208,"payload_capacity_bytes":104,"entries":92,"nonempty_or_ready":4,"live_buffers":10}
BENCH_CENSUS {"phase":"create","category":"using_fields","index_bytes":0,"payload_capacity_bytes":0,"entries":0,"nonempty_or_ready":0,"live_buffers":0}
BENCH_CENSUS {"phase":"create","category":"using_strings","index_bytes":0,"payload_capacity_bytes":0,"entries":0,"nonempty_or_ready":0,"live_buffers":0}
BENCH_DESCRIPTOR {"reason":"output","method_builds":0,"field_builds":0,"materialized_bytes":0}
BENCH_DESCRIPTOR {"reason":"cross_reference","method_builds":0,"field_builds":0,"materialized_bytes":0}
BENCH_DESCRIPTOR {"reason":"lookup","method_builds":0,"field_builds":0,"materialized_bytes":0}
BENCH_DESCRIPTOR {"method_comparisons":0,"field_comparisons":0}
BENCH_CENSUS {"phase":"create","diagnostic_ns":226208}
CHECK_SYMBOLS {"methods":4127,"fields":15,"pairs":8810,"different_index_matches":52,"passed":true}
BENCH_CENSUS {"phase":"pre_close","dexes":3,"method_ids":4127,"field_ids":15,"mapped_bytes":101980,"slot_sizes":[16,16,16]}
BENCH_CENSUS {"phase":"pre_close","category":"aggregate_work","index_bytes":0,"payload_capacity_bytes":0,"entries":0,"nonempty_or_ready":0,"live_buffers":0}
BENCH_CENSUS {"phase":"pre_close","category":"annotations","index_bytes":0,"payload_capacity_bytes":0,"entries":0,"nonempty_or_ready":0,"live_buffers":0}
BENCH_CENSUS {"phase":"pre_close","category":"base_arrays","index_bytes":168270,"payload_capacity_bytes":0,"entries":16849,"nonempty_or_ready":0,"live_buffers":36}
BENCH_CENSUS {"phase":"pre_close","category":"callers","index_bytes":0,"payload_capacity_bytes":0,"entries":0,"nonempty_or_ready":0,"live_buffers":0}
BENCH_CENSUS {"phase":"pre_close","category":"class_members","index_bytes":3312,"payload_capacity_bytes":16588,"entries":138,"nonempty_or_ready":9,"live_buffers":18}
BENCH_CENSUS {"phase":"pre_close","category":"descriptor_publication","index_bytes":10286,"payload_capacity_bytes":0,"entries":0,"nonempty_or_ready":0,"live_buffers":6}
BENCH_CENSUS {"phase":"pre_close","category":"descriptors","index_bytes":132544,"payload_capacity_bytes":7307936,"entries":4142,"nonempty_or_ready":4142,"live_buffers":4120}
BENCH_CENSUS {"phase":"pre_close","category":"field_readers","index_bytes":0,"payload_capacity_bytes":0,"entries":0,"nonempty_or_ready":0,"live_buffers":0}
BENCH_CENSUS {"phase":"pre_close","category":"field_writers","index_bytes":0,"payload_capacity_bytes":0,"entries":0,"nonempty_or_ready":0,"live_buffers":0}
BENCH_CENSUS {"phase":"pre_close","category":"full_numbers","index_bytes":0,"payload_capacity_bytes":0,"entries":0,"nonempty_or_ready":0,"live_buffers":0}
BENCH_CENSUS {"phase":"pre_close","category":"full_opcodes","index_bytes":0,"payload_capacity_bytes":0,"entries":0,"nonempty_or_ready":0,"live_buffers":0}
BENCH_CENSUS {"phase":"pre_close","category":"invokes","index_bytes":0,"payload_capacity_bytes":0,"entries":0,"nonempty_or_ready":0,"live_buffers":0}
BENCH_CENSUS {"phase":"pre_close","category":"lazy_numbers","index_bytes":66032,"payload_capacity_bytes":0,"entries":4127,"nonempty_or_ready":0,"live_buffers":3}
BENCH_CENSUS {"phase":"pre_close","category":"lazy_opcodes","index_bytes":66032,"payload_capacity_bytes":0,"entries":4127,"nonempty_or_ready":0,"live_buffers":3}
BENCH_CENSUS {"phase":"pre_close","category":"lazy_strings","index_bytes":66032,"payload_capacity_bytes":0,"entries":4127,"nonempty_or_ready":0,"live_buffers":3}
BENCH_CENSUS {"phase":"pre_close","category":"pending_cross_refs","index_bytes":2208,"payload_capacity_bytes":104,"entries":92,"nonempty_or_ready":4,"live_buffers":10}
BENCH_CENSUS {"phase":"pre_close","category":"using_fields","index_bytes":0,"payload_capacity_bytes":0,"entries":0,"nonempty_or_ready":0,"live_buffers":0}
BENCH_CENSUS {"phase":"pre_close","category":"using_strings","index_bytes":0,"payload_capacity_bytes":0,"entries":0,"nonempty_or_ready":0,"live_buffers":0}
BENCH_DESCRIPTOR {"reason":"output","method_builds":4127,"field_builds":15,"materialized_bytes":7283843}
BENCH_DESCRIPTOR {"reason":"cross_reference","method_builds":0,"field_builds":0,"materialized_bytes":0}
BENCH_DESCRIPTOR {"reason":"lookup","method_builds":0,"field_builds":0,"materialized_bytes":0}
BENCH_DESCRIPTOR {"method_comparisons":0,"field_comparisons":0}
BENCH_CENSUS {"phase":"pre_close","diagnostic_ns":89667}
BENCH_CLOSE {"worker_shutdown_ns":125}
BENCH_CENSUS {"phase":"pre_close","dexes":3,"method_ids":4127,"field_ids":15,"mapped_bytes":101980,"slot_sizes":[16,16,16]}
BENCH_CENSUS {"phase":"pre_close","category":"aggregate_work","index_bytes":0,"payload_capacity_bytes":0,"entries":0,"nonempty_or_ready":0,"live_buffers":0}
BENCH_CENSUS {"phase":"pre_close","category":"annotations","index_bytes":132552,"payload_capacity_bytes":0,"entries":8315,"nonempty_or_ready":0,"live_buffers":12}
BENCH_CENSUS {"phase":"pre_close","category":"base_arrays","index_bytes":168270,"payload_capacity_bytes":0,"entries":16849,"nonempty_or_ready":0,"live_buffers":36}
BENCH_CENSUS {"phase":"pre_close","category":"callers","index_bytes":99048,"payload_capacity_bytes":0,"entries":4127,"nonempty_or_ready":0,"live_buffers":3}
BENCH_CENSUS {"phase":"pre_close","category":"class_members","index_bytes":3312,"payload_capacity_bytes":16588,"entries":138,"nonempty_or_ready":9,"live_buffers":18}
BENCH_CENSUS {"phase":"pre_close","category":"descriptor_publication","index_bytes":10286,"payload_capacity_bytes":0,"entries":0,"nonempty_or_ready":0,"live_buffers":6}
BENCH_CENSUS {"phase":"pre_close","category":"descriptors","index_bytes":132544,"payload_capacity_bytes":7307936,"entries":4142,"nonempty_or_ready":4142,"live_buffers":4120}
BENCH_CENSUS {"phase":"pre_close","category":"field_readers","index_bytes":360,"payload_capacity_bytes":0,"entries":15,"nonempty_or_ready":0,"live_buffers":3}
BENCH_CENSUS {"phase":"pre_close","category":"field_writers","index_bytes":360,"payload_capacity_bytes":0,"entries":15,"nonempty_or_ready":0,"live_buffers":3}
BENCH_CENSUS {"phase":"pre_close","category":"full_numbers","index_bytes":99048,"payload_capacity_bytes":0,"entries":4127,"nonempty_or_ready":0,"live_buffers":3}
BENCH_CENSUS {"phase":"pre_close","category":"full_opcodes","index_bytes":132064,"payload_capacity_bytes":0,"entries":4127,"nonempty_or_ready":0,"live_buffers":3}
BENCH_CENSUS {"phase":"pre_close","category":"invokes","index_bytes":99048,"payload_capacity_bytes":0,"entries":4127,"nonempty_or_ready":0,"live_buffers":3}
BENCH_CENSUS {"phase":"pre_close","category":"lazy_numbers","index_bytes":66032,"payload_capacity_bytes":0,"entries":4127,"nonempty_or_ready":0,"live_buffers":3}
BENCH_CENSUS {"phase":"pre_close","category":"lazy_opcodes","index_bytes":66032,"payload_capacity_bytes":0,"entries":4127,"nonempty_or_ready":0,"live_buffers":3}
BENCH_CENSUS {"phase":"pre_close","category":"lazy_strings","index_bytes":66032,"payload_capacity_bytes":0,"entries":4127,"nonempty_or_ready":0,"live_buffers":3}
BENCH_CENSUS {"phase":"pre_close","category":"pending_cross_refs","index_bytes":0,"payload_capacity_bytes":0,"entries":0,"nonempty_or_ready":0,"live_buffers":0}
BENCH_CENSUS {"phase":"pre_close","category":"using_fields","index_bytes":99048,"payload_capacity_bytes":0,"entries":4127,"nonempty_or_ready":0,"live_buffers":3}
BENCH_CENSUS {"phase":"pre_close","category":"using_strings","index_bytes":99048,"payload_capacity_bytes":0,"entries":4127,"nonempty_or_ready":0,"live_buffers":3}
BENCH_DESCRIPTOR {"reason":"output","method_builds":4127,"field_builds":15,"materialized_bytes":7283843}
BENCH_DESCRIPTOR {"reason":"cross_reference","method_builds":0,"field_builds":0,"materialized_bytes":0}
BENCH_DESCRIPTOR {"reason":"lookup","method_builds":0,"field_builds":0,"materialized_bytes":0}
BENCH_DESCRIPTOR {"method_comparisons":8390819,"field_comparisons":35}
BENCH_CENSUS {"phase":"pre_close","diagnostic_ns":145792}
BENCH_CLOSE {"worker_shutdown_ns":20958}
BENCH_CENSUS {"phase":"pre_close","dexes":3,"method_ids":4127,"field_ids":15,"mapped_bytes":101980,"slot_sizes":[16,16,16]}
BENCH_CENSUS {"phase":"pre_close","category":"aggregate_work","index_bytes":0,"payload_capacity_bytes":0,"entries":0,"nonempty_or_ready":0,"live_buffers":0}
BENCH_CENSUS {"phase":"pre_close","category":"annotations","index_bytes":0,"payload_capacity_bytes":0,"entries":0,"nonempty_or_ready":0,"live_buffers":0}
BENCH_CENSUS {"phase":"pre_close","category":"base_arrays","index_bytes":168270,"payload_capacity_bytes":0,"entries":16849,"nonempty_or_ready":0,"live_buffers":36}
BENCH_CENSUS {"phase":"pre_close","category":"callers","index_bytes":0,"payload_capacity_bytes":0,"entries":0,"nonempty_or_ready":0,"live_buffers":0}
BENCH_CENSUS {"phase":"pre_close","category":"class_members","index_bytes":3312,"payload_capacity_bytes":16588,"entries":138,"nonempty_or_ready":9,"live_buffers":18}
BENCH_CENSUS {"phase":"pre_close","category":"descriptor_publication","index_bytes":10286,"payload_capacity_bytes":0,"entries":0,"nonempty_or_ready":0,"live_buffers":6}
BENCH_CENSUS {"phase":"pre_close","category":"descriptors","index_bytes":132544,"payload_capacity_bytes":7307936,"entries":4142,"nonempty_or_ready":4142,"live_buffers":4120}
BENCH_CENSUS {"phase":"pre_close","category":"field_readers","index_bytes":0,"payload_capacity_bytes":0,"entries":0,"nonempty_or_ready":0,"live_buffers":0}
BENCH_CENSUS {"phase":"pre_close","category":"field_writers","index_bytes":0,"payload_capacity_bytes":0,"entries":0,"nonempty_or_ready":0,"live_buffers":0}
BENCH_CENSUS {"phase":"pre_close","category":"full_numbers","index_bytes":0,"payload_capacity_bytes":0,"entries":0,"nonempty_or_ready":0,"live_buffers":0}
BENCH_CENSUS {"phase":"pre_close","category":"full_opcodes","index_bytes":0,"payload_capacity_bytes":0,"entries":0,"nonempty_or_ready":0,"live_buffers":0}
BENCH_CENSUS {"phase":"pre_close","category":"invokes","index_bytes":0,"payload_capacity_bytes":0,"entries":0,"nonempty_or_ready":0,"live_buffers":0}
BENCH_CENSUS {"phase":"pre_close","category":"lazy_numbers","index_bytes":66032,"payload_capacity_bytes":0,"entries":4127,"nonempty_or_ready":0,"live_buffers":3}
BENCH_CENSUS {"phase":"pre_close","category":"lazy_opcodes","index_bytes":66032,"payload_capacity_bytes":0,"entries":4127,"nonempty_or_ready":0,"live_buffers":3}
BENCH_CENSUS {"phase":"pre_close","category":"lazy_strings","index_bytes":66032,"payload_capacity_bytes":0,"entries":4127,"nonempty_or_ready":0,"live_buffers":3}
BENCH_CENSUS {"phase":"pre_close","category":"pending_cross_refs","index_bytes":2208,"payload_capacity_bytes":104,"entries":92,"nonempty_or_ready":4,"live_buffers":10}
BENCH_CENSUS {"phase":"pre_close","category":"using_fields","index_bytes":0,"payload_capacity_bytes":0,"entries":0,"nonempty_or_ready":0,"live_buffers":0}
BENCH_CENSUS {"phase":"pre_close","category":"using_strings","index_bytes":0,"payload_capacity_bytes":0,"entries":0,"nonempty_or_ready":0,"live_buffers":0}
BENCH_DESCRIPTOR {"reason":"output","method_builds":4127,"field_builds":15,"materialized_bytes":7283843}
BENCH_DESCRIPTOR {"reason":"cross_reference","method_builds":0,"field_builds":0,"materialized_bytes":0}
BENCH_DESCRIPTOR {"reason":"lookup","method_builds":0,"field_builds":0,"materialized_bytes":0}
BENCH_DESCRIPTOR {"method_comparisons":0,"field_comparisons":0}
BENCH_CENSUS {"phase":"pre_close","diagnostic_ns":87208}
BENCH_CLOSE {"worker_shutdown_ns":42}
