BENCH_MEMO {"dex":0,"bytes":0,"probes":1,"hits":0}
BENCH_MEMO {"dex":1,"bytes":8,"probes":1,"hits":0}
BENCH_MEMO {"dex":0,"bytes":8,"probes":1,"hits":1}
BENCH_MEMO {"dex":0,"bytes":8,"probes":1,"hits":0}
BENCH_MEMO {"dex":0,"bytes":4096,"probes":32768,"hits":0}
BENCH_MEMO {"dex":0,"bytes":4096,"probes":32768,"hits":0}
BENCH_MEMO {"dex":0,"bytes":4096,"probes":32768,"hits":0}
BENCH_MEMO {"dex":0,"bytes":4096,"probes":32768,"hits":0}
BENCH_MEMO {"dex":0,"bytes":4096,"probes":32768,"hits":0}
BENCH_MEMO {"dex":0,"bytes":4096,"probes":32768,"hits":0}
BENCH_MEMO {"dex":0,"bytes":8,"probes":500000,"hits":499936}
BENCH_MEMO {"dex":0,"bytes":8,"probes":500000,"hits":499936}
BENCH_MEMO {"dex":0,"bytes":8,"probes":500000,"hits":499936}
BENCH_MEMO {"dex":0,"bytes":8,"probes":500000,"hits":499936}
BENCH_MEMO {"dex":0,"bytes":8,"probes":500000,"hits":499936}
BENCH_MEMO {"dex":0,"bytes":8,"probes":500000,"hits":499936}
BENCH_MEMO {"dex":0,"bytes":8,"probes":500000,"hits":0}
BENCH_MEMO {"dex":0,"bytes":8,"probes":500000,"hits":0}
BENCH_MEMO {"dex":0,"bytes":8,"probes":500000,"hits":0}
BENCH_MEMO {"dex":0,"bytes":8,"probes":500000,"hits":0}
BENCH_MEMO {"dex":0,"bytes":8,"probes":500000,"hits":0}
BENCH_MEMO {"dex":0,"bytes":8,"probes":500000,"hits":0}
BENCH_MEMO {"dex":0,"bytes":0,"probes":500000,"hits":0}
BENCH_MEMO {"dex":0,"bytes":0,"probes":500000,"hits":0}
BENCH_MEMO {"dex":0,"bytes":0,"probes":500000,"hits":0}
BENCH_MEMO {"dex":0,"bytes":0,"probes":500000,"hits":0}
BENCH_MEMO {"dex":0,"bytes":0,"probes":500000,"hits":0}
BENCH_MEMO {"dex":0,"bytes":0,"probes":500000,"hits":0}
BENCH_MEMO {"dex":0,"bytes":1048576,"probes":0,"hits":0}
BENCH_MEMO {"dex":0,"bytes":1048576,"probes":0,"hits":0}
BENCH_MEMO {"dex":0,"bytes":1048576,"probes":0,"hits":0}
CHECK_MEMO {"case":"unique_short_negative","pair":0,"base_ns":1084709,"memo_ns":1157917,"base_parses":32768,"memo_parses":32768,"returned_hits":0,"passed":true}
CHECK_MEMO {"case":"unique_short_negative","pair":1,"base_ns":1087333,"memo_ns":1134000,"base_parses":32768,"memo_parses":32768,"returned_hits":0,"passed":true}
CHECK_MEMO {"case":"unique_short_negative","pair":2,"base_ns":1109250,"memo_ns":1149250,"base_parses":32768,"memo_parses":32768,"returned_hits":0,"passed":true}
CHECK_MEMO {"case":"unique_short_negative","pair":3,"base_ns":1218125,"memo_ns":1125166,"base_parses":32768,"memo_parses":32768,"returned_hits":0,"passed":true}
CHECK_MEMO {"case":"unique_short_negative","pair":4,"base_ns":1570709,"memo_ns":1150833,"base_parses":32768,"memo_parses":32768,"returned_hits":0,"passed":true}
CHECK_MEMO {"case":"unique_short_negative","pair":5,"base_ns":1078584,"memo_ns":1119084,"base_parses":32768,"memo_parses":32768,"returned_hits":0,"passed":true}
CHECK_MEMO {"case":"repeated_negative","pair":0,"base_ns":9459250,"memo_ns":913834,"base_parses":500000,"memo_parses":64,"returned_hits":0,"passed":true}
CHECK_MEMO {"case":"repeated_negative","pair":1,"base_ns":10075958,"memo_ns":862333,"base_parses":500000,"memo_parses":64,"returned_hits":0,"passed":true}
CHECK_MEMO {"case":"repeated_negative","pair":2,"base_ns":9576208,"memo_ns":858625,"base_parses":500000,"memo_parses":64,"returned_hits":0,"passed":true}
CHECK_MEMO {"case":"repeated_negative","pair":3,"base_ns":7740083,"memo_ns":793542,"base_parses":500000,"memo_parses":64,"returned_hits":0,"passed":true}
CHECK_MEMO {"case":"repeated_negative","pair":4,"base_ns":7691708,"memo_ns":725416,"base_parses":500000,"memo_parses":64,"returned_hits":0,"passed":true}
CHECK_MEMO {"case":"repeated_negative","pair":5,"base_ns":6504916,"memo_ns":637250,"base_parses":500000,"memo_parses":64,"returned_hits":0,"passed":true}
CHECK_MEMO {"case":"repeated_positive","pair":0,"base_ns":68021667,"memo_ns":65969333,"base_parses":500000,"memo_parses":500000,"returned_hits":500000,"passed":true}
CHECK_MEMO {"case":"repeated_positive","pair":1,"base_ns":66076416,"memo_ns":65960875,"base_parses":500000,"memo_parses":500000,"returned_hits":500000,"passed":true}
CHECK_MEMO {"case":"repeated_positive","pair":2,"base_ns":65904375,"memo_ns":66128750,"base_parses":500000,"memo_parses":500000,"returned_hits":500000,"passed":true}
CHECK_MEMO {"case":"repeated_positive","pair":3,"base_ns":66026666,"memo_ns":66245208,"base_parses":500000,"memo_parses":500000,"returned_hits":500000,"passed":true}
CHECK_MEMO {"case":"repeated_positive","pair":4,"base_ns":66499708,"memo_ns":66003208,"base_parses":500000,"memo_parses":500000,"returned_hits":500000,"passed":true}
CHECK_MEMO {"case":"repeated_positive","pair":5,"base_ns":65972542,"memo_ns":66148084,"base_parses":500000,"memo_parses":500000,"returned_hits":500000,"passed":true}
CHECK_MEMO {"case":"over_budget","pair":0,"base_ns":5246042,"memo_ns":5839500,"base_parses":500000,"memo_parses":500000,"returned_hits":0,"passed":true}
CHECK_MEMO {"case":"over_budget","pair":1,"base_ns":5311083,"memo_ns":5633125,"base_parses":500000,"memo_parses":500000,"returned_hits":0,"passed":true}
CHECK_MEMO {"case":"over_budget","pair":2,"base_ns":5543958,"memo_ns":5635750,"base_parses":500000,"memo_parses":500000,"returned_hits":0,"passed":true}
CHECK_MEMO {"case":"over_budget","pair":3,"base_ns":5292042,"memo_ns":5333000,"base_parses":500000,"memo_parses":500000,"returned_hits":0,"passed":true}
CHECK_MEMO {"case":"over_budget","pair":4,"base_ns":5988917,"memo_ns":5349916,"base_parses":500000,"memo_parses":500000,"returned_hits":0,"passed":true}
CHECK_MEMO {"case":"over_budget","pair":5,"base_ns":5786375,"memo_ns":5554709,"base_parses":500000,"memo_parses":500000,"returned_hits":0,"passed":true}
CHECK_MEMO {"case":"no_visits","pair":0,"base_ns":41,"memo_ns":43708,"base_parses":0,"memo_parses":0,"returned_hits":0,"passed":true}
CHECK_MEMO {"case":"no_visits","pair":1,"base_ns":41,"memo_ns":15417,"base_parses":0,"memo_parses":0,"returned_hits":0,"passed":true}
CHECK_MEMO {"case":"no_BENCH_MEMO {"dex":0,"bytes":1048576,"probes":0,"hits":0}
BENCH_MEMO {"dex":0,"bytes":1048576,"probes":0,"hits":0}
BENCH_MEMO {"dex":0,"bytes":1048576,"probes":0,"hits":0}
BENCH_MEMO {"dex":0,"bytes":1048576,"probes":1,"hits":0}
BENCH_MEMO {"dex":0,"bytes":1048576,"probes":1,"hits":0}
BENCH_MEMO {"dex":0,"bytes":1048576,"probes":1,"hits":0}
BENCH_MEMO {"dex":0,"bytes":1048576,"probes":1,"hits":0}
BENCH_MEMO {"dex":0,"bytes":1048576,"probes":1,"hits":0}
BENCH_MEMO {"dex":0,"bytes":1048576,"probes":1,"hits":0}
visits","pair":2,"base_ns":42,"memo_ns":11791,"base_parses":0,"memo_parses":0,"returned_hits":0,"passed":true}
CHECK_MEMO {"case":"no_visits","pair":3,"base_ns":42,"memo_ns":10875,"base_parses":0,"memo_parses":0,"returned_hits":0,"passed":true}
CHECK_MEMO {"case":"no_visits","pair":4,"base_ns":42,"memo_ns":13458,"base_parses":0,"memo_parses":0,"returned_hits":0,"passed":true}
CHECK_MEMO {"case":"no_visits","pair":5,"base_ns":83,"memo_ns":10625,"base_parses":0,"memo_parses":0,"returned_hits":0,"passed":true}
CHECK_MEMO {"case":"one_visit_large_directory","pair":0,"base_ns":84,"memo_ns":13375,"base_parses":1,"memo_parses":1,"returned_hits":0,"passed":true}
CHECK_MEMO {"case":"one_visit_large_directory","pair":1,"base_ns":84,"memo_ns":10458,"base_parses":1,"memo_parses":1,"returned_hits":0,"passed":true}
CHECK_MEMO {"case":"one_visit_large_directory","pair":2,"base_ns":42,"memo_ns":15000,"base_parses":1,"memo_parses":1,"returned_hits":0,"passed":true}
CHECK_MEMO {"case":"one_visit_large_directory","pair":3,"base_ns":42,"memo_ns":10708,"base_parses":1,"memo_parses":1,"returned_hits":0,"passed":true}
CHECK_MEMO {"case":"one_visit_large_directory","pair":4,"base_ns":42,"memo_ns":10375,"base_parses":1,"memo_parses":1,"returned_hits":0,"passed":true}
CHECK_MEMO {"case":"one_visit_large_directory","pair":5,"base_ns":42,"memo_ns":10083,"base_parses":1,"memo_parses":1,"returned_hits":0,"passed":true}
