BENCH_DESCRIPTOR_STORAGE {"phase":"create","dex":0,"kind":"method","entries":4106,"records":0,"pages":0,"blocks":0,"capacity_bytes":0,"used_bytes":0,"character_bytes":0,"record_bytes":0,"cold_lock_count":0,"cold_lock_wait_ns":0}
BENCH_DESCRIPTOR_STORAGE {"phase":"create","dex":0,"kind":"field","entries":5,"records":0,"pages":0,"blocks":0,"capacity_bytes":0,"used_bytes":0,"character_bytes":0,"record_bytes":0,"cold_lock_count":0,"cold_lock_wait_ns":0}
BENCH_DESCRIPTOR_STORAGE {"phase":"create","dex":1,"kind":"method","entries":12,"records":0,"pages":0,"blocks":0,"capacity_bytes":0,"used_bytes":0,"character_bytes":0,"record_bytes":0,"cold_lock_count":0,"cold_lock_wait_ns":0}
BENCH_DESCRIPTOR_STORAGE {"phase":"create","dex":1,"kind":"field","entries":6,"records":0,"pages":0,"blocks":0,"capacity_bytes":0,"used_bytes":0,"character_bytes":0,"record_bytes":0,"cold_lock_count":0,"cold_lock_wait_ns":0}
BENCH_DESCRIPTOR_STORAGE {"phase":"create","dex":2,"kind":"method","entries":9,"records":0,"pages":0,"blocks":0,"capacity_bytes":0,"used_bytes":0,"character_bytes":0,"record_bytes":0,"cold_lock_count":0,"cold_lock_wait_ns":0}
BENCH_DESCRIPTOR_STORAGE {"phase":"create","dex":2,"kind":"field","entries":4,"records":0,"pages":0,"blocks":0,"capacity_bytes":0,"used_bytes":0,"character_bytes":0,"record_bytes":0,"cold_lock_count":0,"cold_lock_wait_ns":0}
BENCH_CENSUS {"phase":"create","dexes":3,"method_ids":4127,"field_ids":15,"mapped_bytes":101980,"slot_sizes":[16,16,16]}
BENCH_CENSUS {"phase":"create","category":"aggregate_work","index_bytes":0,"payload_capacity_bytes":0,"entries":0,"nonempty_or_ready":0,"live_buffers":0}
BENCH_CENSUS {"phase":"create","category":"annotations","index_bytes":0,"payload_capacity_bytes":0,"entries":0,"nonempty_or_ready":0,"live_buffers":0}
BENCH_CENSUS {"phase":"create","category":"base_arrays","index_bytes":168270,"payload_capacity_bytes":0,"entries":16849,"nonempty_or_ready":0,"live_buffers":36}
BENCH_CENSUS {"phase":"create","category":"callers","index_bytes":0,"payload_capacity_bytes":0,"entries":0,"nonempty_or_ready":0,"live_buffers":0}
BENCH_CENSUS {"phase":"create","category":"class_members","index_bytes":3312,"payload_capacity_bytes":16588,"entries":138,"nonempty_or_ready":9,"live_buffers":18}
BENCH_CENSUS {"phase":"create","category":"descriptors","index_bytes":6896,"payload_capacity_bytes":0,"entries":4142,"nonempty_or_ready":0,"live_buffers":6}
BENCH_CENSUS {"phase":"create","category":"field_readers","index_bytes":0,"payload_capacity_bytes":0,"entries":0,"nonempty_or_ready":0,"live_buffers":0}
BENCH_CENSUS {"phase":"create","category":"field_writers","index_bytes":0,"payload_capacity_bytes":0,"entries":0,"nonempty_or_ready":0,"live_buffers":0}
BENCH_CENSUS {"phase":"create","category":"full_numbers","index_bytes":0,"payload_capacity_bytes":0,"entries":0,"nonempty_or_ready":0,"live_buffers":0}
BENCH_CENSUS {"phase":"create","category":"full_opcodes","index_bytes":0,"payload_capacity_bytes":0,"entries":0,"nonempty_or_ready":0,"live_buffers":0}
BENCH_CENSUS {"phase":"create","category":"invokes","index_bytes":0,"payload_capacity_bytes":0,"entries":0,"nonempty_or_ready":0,"live_buffers":0}
BENCH_CENSUS {"phase":"create","category":"lazy_numbers","index_bytes":66032,"payload_capacity_bytes":0,"entries":4127,"nonempty_or_ready":0,"live_buffers":3}
BENCH_CENSUS {"phase":"create","category":"lazy_opcodes","index_bytes":66032,"payload_capacity_bytes":0,"entries":4127,"nonempty_or_ready":0,"live_buffers":3}
BENCH_CENSUS {"phase":"create","category":"lazy_strings","index_bytes":66032,"payload_capacity_bytes":0,"entries":4127,"nonempty_or_ready":0,"live_buffers":3}
BENCH_CENSUS {"phase":"create","category":"pending_cross_refs","index_bytes":2208,"payload_capacity_bytes":104,"entries":92,"nonempty_or_ready":4,"live_buffers":10}
BENCH_CENSUS {"phase":"create","category":"using_fields","index_bytes":0,"payload_capacity_bytes":0,"entries":0,"nonempty_or_ready":0,"live_buffers":0}
BENCH_CENSUS {"phase":"create","category":"using_strings","index_bytes":0,"payload_capacity_bytes":0,"entries":0,"nonempty_or_ready":0,"live_buffers":0}
BENCH_DESCRIPTOR {"reason":"output","method_builds":0,"field_builds":0,"materialized_bytes":0}
BENCH_DESCRIPTOR {"reason":"cross_reference","method_builds":0,"field_builds":0,"materialized_bytes":0}
BENCH_DESCRIPTOR {"reason":"lookup","method_builds":0,"field_builds":0,"materialized_bytes":0}
BENCH_DESCRIPTOR {"method_comparisons":0,"field_comparisons":0}
BENCH_CENSUS {"phase":"create","diagnostic_ns":139959}
BENCH_DESCRIPTOR_STORAGE {"phase":"create","dex":0,"kind":"method","entries":4106,"records":0,"pages":0,"blocks":0,"capacity_bytes":0,"used_bytes":0,"character_bytes":0,"record_bytes":0,"cold_lock_count":0,"cold_lock_wait_ns":0}
BENCH_DESCRIPTOR_STORAGE {"phase":"create","dex":0,"kind":"field","entries":5,"records":0,"pages":0,"blocks":0,"capacity_bytes":0,"used_bytes":0,"character_bytes":0,"record_bytes":0,"cold_lock_count":0,"cold_lock_wait_ns":0}
BENCH_DESCRIPTOR_STORAGE {"phase":"create","dex":1,"kind":"method","entries":12,"records":0,"pages":0,"blocks":0,"capacity_bytes":0,"used_bytes":0,"character_bytes":0,"record_bytes":0,"cold_lock_count":0,"cold_lock_wait_ns":0}
BENCH_DESCRIPTOR_STORAGE {"phase":"create","dex":1,"kind":"field","entries":6,"records":0,"pages":0,"blocks":0,"capacity_bytes":0,"used_bytes":0,"character_bytes":0,"record_bytes":0,"cold_lock_count":0,"cold_lock_wait_ns":0}
BENCH_DESCRIPTOR_STORAGE {"phase":"create","dex":2,"kind":"method","entries":9,"records":0,"pages":0,"blocks":0,"capacity_bytes":0,"used_bytes":0,"character_bytes":0,"record_bytes":0,"cold_lock_count":0,"cold_lock_wait_ns":0}
BENCH_DESCRIPTOR_STORAGE {"phase":"create","dex":2,"kind":"field","entries":4,"records":0,"pages":0,"blocks":0,"capacity_bytes":0,"used_bytes":0,"character_bytes":0,"record_bytes":0,"cold_lock_count":0,"cold_lock_wait_ns":0}
BENCH_CENSUS {"phase":"create","dexes":3,"method_ids":4127,"field_ids":15,"mapped_bytes":101980,"slot_sizes":[16,16,16]}
BENCH_CENSUS {"phase":"create","category":"aggregate_work","index_bytes":0,"payload_capacity_bytes":0,"entries":0,"nonempty_or_ready":0,"live_buffers":0}
BENCH_CENSUS {"phase":"create","category":"annotations","index_bytes":0,"payload_capacity_bytes":0,"entries":0,"nonempty_or_ready":0,"live_buffers":0}
BENCH_CENSUS {"phase":"create","category":"base_arrays","index_bytes":168270,"payload_capacity_bytes":0,"entries":16849,"nonempty_or_ready":0,"live_buffers":36}
BENCH_CENSUS {"phase":"create","category":"callers","index_bytes":0,"payload_capacity_bytes":0,"entries":0,"nonempty_or_ready":0,"live_buffers":0}
BENCH_CENSUS {"phase":"create","category":"class_members","index_bytes":3312,"payload_capacity_bytes":16588,"entries":138,"nonempty_or_ready":9,"live_buffers":18}
BENCH_CENSUS {"phase":"create","category":"descriptors","index_bytes":6896,"payload_capacity_bytes":0,"entries":4142,"nonempty_or_ready":0,"live_buffers":6}
BENCH_CENSUS {"phase":"create","category":"field_readers","index_bytes":0,"payload_capacity_bytes":0,"entries":0,"nonempty_or_ready":0,"live_buffers":0}
BENCH_CENSUS {"phase":"create","category":"field_writers","index_bytes":0,"payload_capacity_bytes":0,"entries":0,"nonempty_or_ready":0,"live_buffers":0}
BENCH_CENSUS {"phase":"create","category":"full_numbers","index_bytes":0,"payload_capacity_bytes":0,"entries":0,"nonempty_or_ready":0,"live_buffers":0}
BENCH_CENSUS {"phase":"create","category":"full_opcodes","index_bytes":0,"payload_capacity_bytes":0,"entries":0,"nonempty_or_ready":0,"live_buffers":0}
BENCH_CENSUS {"phase":"create","category":"invokes","index_bytes":0,"payload_capacity_bytes":0,"entries":0,"nonempty_or_ready":0,"live_buffers":0}
BENCH_CENSUS {"phase":"create","category":"lazy_numbers","index_bytes":66032,"payload_capacity_bytes":0,"entries":4127,"nonempty_or_ready":0,"live_buffers":3}
BENCH_CENSUS {"phase":"create","category":"lazy_opcodes","index_bytes":66032,"payload_capacity_bytes":0,"entries":4127,"nonempty_or_ready":0,"live_buffers":3}
BENCH_CENSUS {"phase":"create","category":"lazy_strings","index_bytes":66032,"payload_capacity_bytes":0,"entries":4127,"nonempty_or_ready":0,"live_buffers":3}
BENCH_CENSUS {"phase":"create","category":"pending_cross_refs","index_bytes":2208,"payload_capacity_bytes":104,"entries":92,"nonempty_or_ready":4,"live_buffers":10}
BENCH_CENSUS {"phase":"create","category":"using_fields","index_bytes":0,"payload_capacity_bytes":0,"entries":0,"nonempty_or_ready":0,"live_buffers":0}
BENCH_CENSUS {"phase":"create","category":"using_strings","index_bytes":0,"payload_capacity_bytes":0,"entries":0,"nonempty_or_ready":0,"live_buffers":0}
BENCH_DESCRIPTOR {"reason":"output","method_builds":0,"field_builds":0,"materialized_bytes":0}
BENCH_DESCRIPTOR {"reason":"cross_reference","method_builds":0,"field_builds":0,"materialized_bytes":0}
BENCH_DESCRIPTOR {"reason":"lookup","method_builds":0,"field_builds":0,"materialized_bytes":0}
BENCH_DESCRIPTOR {"method_comparisons":0,"field_comparisons":0}
BENCH_CENSUS {"phase":"create","diagnostic_ns":149000}
BENCH_DESCRIPTOR_STORAGE {"phase":"create","dex":0,"kind":"method","entries":4106,"records":0,"pages":0,"blocks":0,"capacity_bytes":0,"used_bytes":0,"character_bytes":0,"record_bytes":0,"cold_lock_count":0,"cold_lock_wait_ns":0}
BENCH_DESCRIPTOR_STORAGE {"phase":"create","dex":0,"kind":"field","entries":5,"records":0,"pages":0,"blocks":0,"capacity_bytes":0,"used_bytes":0,"character_bytes":0,"record_bytes":0,"cold_lock_count":0,"cold_lock_wait_ns":0}
BENCH_DESCRIPTOR_STORAGE {"phase":"create","dex":1,"kind":"method","entries":12,"records":0,"pages":0,"blocks":0,"capacity_bytes":0,"used_bytes":0,"character_bytes":0,"record_bytes":0,"cold_lock_count":0,"cold_lock_wait_ns":0}
BENCH_DESCRIPTOR_STORAGE {"phase":"create","dex":1,"kind":"field","entries":6,"records":0,"pages":0,"blocks":0,"capacity_bytes":0,"used_bytes":0,"character_bytes":0,"record_bytes":0,"cold_lock_count":0,"cold_lock_wait_ns":0}
BENCH_DESCRIPTOR_STORAGE {"phase":"create","dex":2,"kind":"method","entries":9,"records":0,"pages":0,"blocks":0,"capacity_bytes":0,"used_bytes":0,"character_bytes":0,"record_bytes":0,"cold_lock_count":0,"cold_lock_wait_ns":0}
BENCH_DESCRIPTOR_STORAGE {"phase":"create","dex":2,"kind":"field","entries":4,"records":0,"pages":0,"blocks":0,"capacity_bytes":0,"used_bytes":0,"character_bytes":0,"record_bytes":0,"cold_lock_count":0,"cold_lock_wait_ns":0}
BENCH_CENSUS {"phase":"create","dexes":3,"method_ids":4127,"field_ids":15,"mapped_bytes":101980,"slot_sizes":[16,16,16]}
BENCH_CENSUS {"phase":"create","category":"aggregate_work","index_bytes":0,"payload_capacity_bytes":0,"entries":0,"nonempty_or_ready":0,"live_buffers":0}
BENCH_CENSUS {"phase":"create","category":"annotations","index_bytes":0,"payload_capacity_bytes":0,"entries":0,"nonempty_or_ready":0,"live_buffers":0}
BENCH_CENSUS {"phase":"create","category":"base_arrays","index_bytes":168270,"payload_capacity_bytes":0,"entries":16849,"nonempty_or_ready":0,"live_buffers":36}
BENCH_CENSUS {"phase":"create","category":"callers","index_bytes":0,"payload_capacity_bytes":0,"entries":0,"nonempty_or_ready":0,"live_buffers":0}
BENCH_CENSUS {"phase":"create","category":"class_members","index_bytes":3312,"payload_capacity_bytes":16588,"entries":138,"nonempty_or_ready":9,"live_buffers":18}
BENCH_CENSUS {"phase":"create","category":"descriptors","index_bytes":6896,"payload_capacity_bytes":0,"entries":4142,"nonempty_or_ready":0,"live_buffers":6}
BENCH_CENSUS {"phase":"create","category":"field_readers","index_bytes":0,"payload_capacity_bytes":0,"entries":0,"nonempty_or_ready":0,"live_buffers":0}
BENCH_CENSUS {"phase":"create","category":"field_writers","index_bytes":0,"payload_capacity_bytes":0,"entries":0,"nonempty_or_ready":0,"live_buffers":0}
BENCH_CENSUS {"phase":"create","category":"full_numbers","index_bytes":0,"payload_capacity_bytes":0,"entries":0,"nonempty_or_ready":0,"live_buffers":0}
BENCH_CENSUS {"phase":"create","category":"full_opcodes","index_bytes":0,"payload_capacity_bytes":0,"entries":0,"nonempty_or_ready":0,"live_buffers":0}
BENCH_CENSUS {"phase":"create","category":"invokes","index_bytes":0,"payload_capacity_bytes":0,"entries":0,"nonempty_or_ready":0,"live_buffers":0}
BENCH_CENSUS {"phase":"create","category":"lazy_numbers","index_bytes":66032,"payload_capacity_bytes":0,"entries":4127,"nonempty_or_ready":0,"live_buffers":3}
BENCH_CENSUS {"phase":"create","category":"lazy_opcodes","index_bytes":66032,"payload_capacity_bytes":0,"entries":4127,"nonempty_or_ready":0,"live_buffers":3}
BENCH_CENSUS {"phase":"create","category":"lazy_strings","index_bytes":66032,"payload_capacity_bytes":0,"entries":4127,"nonempty_or_ready":0,"live_buffers":3}
BENCH_CENSUS {"phase":"create","category":"pending_cross_refs","index_bytes":2208,"payload_capacity_bytes":104,"entries":92,"nonempty_or_ready":4,"live_buffers":10}
BENCH_CENSUS {"phase":"create","category":"using_fields","index_bytes":0,"payload_capacity_bytes":0,"entries":0,"nonempty_or_ready":0,"live_buffers":0}
BENCH_CENSUS {"phase":"create","category":"using_strings","index_bytes":0,"payload_capacity_bytes":0,"entries":0,"nonempty_or_ready":0,"live_buffers":0}
BENCH_DESCRIPTOR {"reason":"output","method_builds":0,"field_builds":0,"materialized_bytes":0}
BENCH_DESCRIPTOR {"reason":"cross_reference","method_builds":0,"field_builds":0,"materialized_bytes":0}
BENCH_DESCRIPTOR {"reason":"lookup","method_builds":0,"field_builds":0,"materialized_bytes":0}
BENCH_DESCRIPTOR {"method_comparisons":0,"field_comparisons":0}
BENCH_CENSUS {"phase":"create","diagnostic_ns":87750}
CHECK_SYMBOLS {"methods":4127,"fields":15,"pairs":8810,"different_index_matches":52,"passed":true}
BENCH_DESCRIPTOR_STORAGE {"phase":"pre_close","dex":0,"kind":"method","entries":4106,"records":4106,"pages":17,"blocks":144,"capacity_bytes":7831552,"used_bytes":7339696,"character_bytes":7287062,"record_bytes":7319910,"cold_lock_count":4109,"cold_lock_wait_ns":4932668}
BENCH_DESCRIPTOR_STORAGE {"phase":"pre_close","dex":0,"kind":"field","entries":5,"records":5,"pages":1,"blocks":1,"capacity_bytes":4096,"used_bytes":165,"character_bytes":110,"record_bytes":150,"cold_lock_count":5,"cold_lock_wait_ns":126}
BENCH_DESCRIPTOR_STORAGE {"phase":"pre_close","dex":1,"kind":"method","entries":12,"records":12,"pages":1,"blocks":1,"capacity_bytes":4096,"used_bytes":457,"character_bytes":331,"record_bytes":427,"cold_lock_count":12,"cold_lock_wait_ns":334}
BENCH_DESCRIPTOR_STORAGE {"phase":"pre_close","dex":1,"kind":"field","entries":6,"records":6,"pages":1,"blocks":1,"capacity_bytes":4096,"used_bytes":205,"character_bytes":137,"record_bytes":185,"cold_lock_count":6,"cold_lock_wait_ns":210}
BENCH_DESCRIPTOR_STORAGE {"phase":"pre_close","dex":2,"kind":"method","entries":9,"records":9,"pages":1,"blocks":1,"capacity_bytes":4096,"used_bytes":352,"character_bytes":256,"record_bytes":328,"cold_lock_count":9,"cold_lock_wait_ns":251}
BENCH_DESCRIPTOR_STORAGE {"phase":"pre_close","dex":2,"kind":"field","entries":4,"records":4,"pages":1,"blocks":1,"capacity_bytes":4096,"used_bytes":131,"character_bytes":89,"record_bytes":121,"cold_lock_count":4,"cold_lock_wait_ns":83}
BENCH_CENSUS {"phase":"pre_close","dexes":3,"method_ids":4127,"field_ids":15,"mapped_bytes":101980,"slot_sizes":[16,16,16]}
BENCH_CENSUS {"phase":"pre_close","category":"aggregate_work","index_bytes":0,"payload_capacity_bytes":0,"entries":0,"nonempty_or_ready":0,"live_buffers":0}
BENCH_CENSUS {"phase":"pre_close","category":"annotations","index_bytes":0,"payload_capacity_bytes":0,"entries":0,"nonempty_or_ready":0,"live_buffers":0}
BENCH_CENSUS {"phase":"pre_close","category":"base_arrays","index_bytes":168270,"payload_capacity_bytes":0,"entries":16849,"nonempty_or_ready":0,"live_buffers":36}
BENCH_CENSUS {"phase":"pre_close","category":"callers","index_bytes":0,"payload_capacity_bytes":0,"entries":0,"nonempty_or_ready":0,"live_buffers":0}
BENCH_CENSUS {"phase":"pre_close","category":"class_members","index_bytes":3312,"payload_capacity_bytes":16588,"entries":138,"nonempty_or_ready":9,"live_buffers":18}
BENCH_CENSUS {"phase":"pre_close","category":"descriptors","index_bytes":58400,"payload_capacity_bytes":7852032,"entries":4142,"nonempty_or_ready":4142,"live_buffers":203}
BENCH_CENSUS {"phase":"pre_close","category":"field_readers","index_bytes":0,"payload_capacity_bytes":0,"entries":0,"nonempty_or_ready":0,"live_buffers":0}
BENCH_CENSUS {"phase":"pre_close","category":"field_writers","index_bytes":0,"payload_capacity_bytes":0,"entries":0,"nonempty_or_ready":0,"live_buffers":0}
BENCH_CENSUS {"phase":"pre_close","category":"full_numbers","index_bytes":0,"payload_capacity_bytes":0,"entries":0,"nonempty_or_ready":0,"live_buffers":0}
BENCH_CENSUS {"phase":"pre_close","category":"full_opcodes","index_bytes":0,"payload_capacity_bytes":0,"entries":0,"nonempty_or_ready":0,"live_buffers":0}
BENCH_CENSUS {"phase":"pre_close","category":"invokes","index_bytes":0,"payload_capacity_bytes":0,"entries":0,"nonempty_or_ready":0,"live_buffers":0}
BENCH_CENSUS {"phase":"pre_close","category":"lazy_numbers","index_bytes":66032,"payload_capacity_bytes":0,"entries":4127,"nonempty_or_ready":0,"live_buffers":3}
BENCH_CENSUS {"phase":"pre_close","category":"lazy_opcodes","index_bytes":66032,"payload_capacity_bytes":0,"entries":4127,"nonempty_or_ready":0,"live_buffers":3}
BENCH_CENSUS {"phase":"pre_close","category":"lazy_strings","index_bytes":66032,"payload_capacity_bytes":0,"entries":4127,"nonempty_or_ready":0,"live_buffers":3}
BENCH_CENSUS {"phase":"pre_close","category":"pending_cross_refs","index_bytes":2208,"payload_capacity_bytes":104,"entries":92,"nonempty_or_ready":4,"live_buffers":10}
BENCH_CENSUS {"phase":"pre_close","category":"using_fields","index_bytes":0,"payload_capacity_bytes":0,"entries":0,"nonempty_or_ready":0,"live_buffers":0}
BENCH_CENSUS {"phase":"pre_close","category":"using_strings","index_bytes":0,"payload_capacity_bytes":0,"entries":0,"nonempty_or_ready":0,"live_buffers":0}
BENCH_DESCRIPTOR {"reason":"output","method_builds":4127,"field_builds":15,"materialized_bytes":7283843}
BENCH_DESCRIPTOR {"reason":"cross_reference","method_builds":0,"field_builds":0,"materialized_bytes":0}
BENCH_DESCRIPTOR {"reason":"lookup","method_builds":0,"field_builds":0,"materialized_bytes":0}
BENCH_DESCRIPTOR {"method_comparisons":0,"field_comparisons":0}
BENCH_CENSUS {"phase":"pre_close","diagnostic_ns":185458}
BENCH_CLOSE {"worker_shutdown_ns":0}
BENCH_DESCRIPTOR_STORAGE {"phase":"pre_close","dex":0,"kind":"method","entries":4106,"records":4106,"pages":17,"blocks":144,"capacity_bytes":7831552,"used_bytes":7339696,"character_bytes":7287062,"record_bytes":7319910,"cold_lock_count":4106,"cold_lock_wait_ns":173074}
BENCH_DESCRIPTOR_STORAGE {"phase":"pre_close","dex":0,"kind":"field","entries":5,"records":5,"pages":1,"blocks":1,"capacity_bytes":4096,"used_bytes":165,"character_bytes":110,"record_bytes":150,"cold_lock_count":5,"cold_lock_wait_ns":83}
BENCH_DESCRIPTOR_STORAGE {"phase":"pre_close","dex":1,"kind":"method","entries":12,"records":12,"pages":1,"blocks":1,"capacity_bytes":4096,"used_bytes":457,"character_bytes":331,"record_bytes":427,"cold_lock_count":12,"cold_lock_wait_ns":289}
BENCH_DESCRIPTOR_STORAGE {"phase":"pre_close","dex":1,"kind":"field","entries":6,"records":6,"pages":1,"blocks":1,"capacity_bytes":4096,"used_bytes":207,"character_bytes":137,"record_bytes":185,"cold_lock_count":6,"cold_lock_wait_ns":84}
BENCH_DESCRIPTOR_STORAGE {"phase":"pre_close","dex":2,"kind":"method","entries":9,"records":9,"pages":1,"blocks":1,"capacity_bytes":4096,"used_bytes":345,"character_bytes":256,"record_bytes":328,"cold_lock_count":9,"cold_lock_wait_ns":209}
BENCH_DESCRIPTOR_STORAGE {"phase":"pre_close","dex":2,"kind":"field","entries":4,"records":4,"pages":1,"blocks":1,"capacity_bytes":4096,"used_bytes":135,"character_bytes":89,"record_bytes":121,"cold_lock_count":4,"cold_lock_wait_ns":42}
BENCH_CENSUS {"phase":"pre_close","dexes":3,"method_ids":4127,"field_ids":15,"mapped_bytes":101980,"slot_sizes":[16,16,16]}
BENCH_CENSUS {"phase":"pre_close","category":"aggregate_work","index_bytes":0,"payload_capacity_bytes":0,"entries":0,"nonempty_or_ready":0,"live_buffers":0}
BENCH_CENSUS {"phase":"pre_close","category":"annotations","index_bytes":132552,"payload_capacity_bytes":0,"entries":8315,"nonempty_or_ready":0,"live_buffers":12}
BENCH_CENSUS {"phase":"pre_close","category":"base_arrays","index_bytes":168270,"payload_capacity_bytes":0,"entries":16849,"nonempty_or_ready":0,"live_buffers":36}
BENCH_CENSUS {"phase":"pre_close","category":"callers","index_bytes":99048,"payload_capacity_bytes":0,"entries":4127,"nonempty_or_ready":0,"live_buffers":3}
BENCH_CENSUS {"phase":"pre_close","category":"class_members","index_bytes":3312,"payload_capacity_bytes":16588,"entries":138,"nonempty_or_ready":9,"live_buffers":18}
BENCH_CENSUS {"phase":"pre_close","category":"descriptors","index_bytes":58400,"payload_capacity_bytes":7852032,"entries":4142,"nonempty_or_ready":4142,"live_buffers":203}
BENCH_CENSUS {"phase":"pre_close","category":"field_readers","index_bytes":360,"payload_capacity_bytes":0,"entries":15,"nonempty_or_ready":0,"live_buffers":3}
BENCH_CENSUS {"phase":"pre_close","category":"field_writers","index_bytes":360,"payload_capacity_bytes":0,"entries":15,"nonempty_or_ready":0,"live_buffers":3}
BENCH_CENSUS {"phase":"pre_close","category":"full_numbers","index_bytes":99048,"payload_capacity_bytes":0,"entries":4127,"nonempty_or_ready":0,"live_buffers":3}
BENCH_CENSUS {"phase":"pre_close","category":"full_opcodes","index_bytes":132064,"payload_capacity_bytes":0,"entries":4127,"nonempty_or_ready":0,"live_buffers":3}
BENCH_CENSUS {"phase":"pre_close","category":"invokes","index_bytes":99048,"payload_capacity_bytes":0,"entries":4127,"nonempty_or_ready":0,"live_buffers":3}
BENCH_CENSUS {"phase":"pre_close","category":"lazy_numbers","index_bytes":66032,"payload_capacity_bytes":0,"entries":4127,"nonempty_or_ready":0,"live_buffers":3}
BENCH_CENSUS {"phase":"pre_close","category":"lazy_opcodes","index_bytes":66032,"payload_capacity_bytes":0,"entries":4127,"nonempty_or_ready":0,"live_buffers":3}
BENCH_CENSUS {"phase":"pre_close","category":"lazy_strings","index_bytes":66032,"payload_capacity_bytes":0,"entries":4127,"nonempty_or_ready":0,"live_buffers":3}
BENCH_CENSUS {"phase":"pre_close","category":"pending_cross_refs","index_bytes":0,"payload_capacity_bytes":0,"entries":0,"nonempty_or_ready":0,"live_buffers":0}
BENCH_CENSUS {"phase":"pre_close","category":"using_fields","index_bytes":99048,"payload_capacity_bytes":0,"entries":4127,"nonempty_or_ready":0,"live_buffers":3}
BENCH_CENSUS {"phase":"pre_close","category":"using_strings","index_bytes":99048,"payload_capacity_bytes":0,"entries":4127,"nonempty_or_ready":0,"live_buffers":3}
BENCH_DESCRIPTOR {"reason":"output","method_builds":4127,"field_builds":15,"materialized_bytes":7283843}
BENCH_DESCRIPTOR {"reason":"cross_reference","method_builds":0,"field_builds":0,"materialized_bytes":0}
BENCH_DESCRIPTOR {"reason":"lookup","method_builds":0,"field_builds":0,"materialized_bytes":0}
BENCH_DESCRIPTOR {"method_comparisons":8390864,"field_comparisons":59}
BENCH_CENSUS {"phase":"pre_close","diagnostic_ns":218208}
BENCH_CLOSE {"worker_shutdown_ns":23292}
BENCH_DESCRIPTOR_STORAGE {"phase":"pre_close","dex":0,"kind":"method","entries":4106,"records":4106,"pages":17,"blocks":144,"capacity_bytes":7831552,"used_bytes":7339696,"character_bytes":7287062,"record_bytes":7319910,"cold_lock_count":4106,"cold_lock_wait_ns":144915}
BENCH_DESCRIPTOR_STORAGE {"phase":"pre_close","dex":0,"kind":"field","entries":5,"records":5,"pages":1,"blocks":1,"capacity_bytes":4096,"used_bytes":165,"character_bytes":110,"record_bytes":150,"cold_lock_count":5,"cold_lock_wait_ns":126}
BENCH_DESCRIPTOR_STORAGE {"phase":"pre_close","dex":1,"kind":"method","entries":12,"records":12,"pages":1,"blocks":1,"capacity_bytes":4096,"used_bytes":457,"character_bytes":331,"record_bytes":427,"cold_lock_count":12,"cold_lock_wait_ns":330}
BENCH_DESCRIPTOR_STORAGE {"phase":"pre_close","dex":1,"kind":"field","entries":6,"records":6,"pages":1,"blocks":1,"capacity_bytes":4096,"used_bytes":207,"character_bytes":137,"record_bytes":185,"cold_lock_count":6,"cold_lock_wait_ns":250}
BENCH_DESCRIPTOR_STORAGE {"phase":"pre_close","dex":2,"kind":"method","entries":9,"records":9,"pages":1,"blocks":1,"capacity_bytes":4096,"used_bytes":345,"character_bytes":256,"record_bytes":328,"cold_lock_count":9,"cold_lock_wait_ns":374}
BENCH_DESCRIPTOR_STORAGE {"phase":"pre_close","dex":2,"kind":"field","entries":4,"records":4,"pages":1,"blocks":1,"capacity_bytes":4096,"used_bytes":135,"character_bytes":89,"record_bytes":121,"cold_lock_count":4,"cold_lock_wait_ns":0}
BENCH_CENSUS {"phase":"pre_close","dexes":3,"method_ids":4127,"field_ids":15,"mapped_bytes":101980,"slot_sizes":[16,16,16]}
BENCH_CENSUS {"phase":"pre_close","category":"aggregate_work","index_bytes":0,"payload_capacity_bytes":0,"entries":0,"nonempty_or_ready":0,"live_buffers":0}
BENCH_CENSUS {"phase":"pre_close","category":"annotations","index_bytes":0,"payload_capacity_bytes":0,"entries":0,"nonempty_or_ready":0,"live_buffers":0}
BENCH_CENSUS {"phase":"pre_close","category":"base_arrays","index_bytes":168270,"payload_capacity_bytes":0,"entries":16849,"nonempty_or_ready":0,"live_buffers":36}
BENCH_CENSUS {"phase":"pre_close","category":"callers","index_bytes":0,"payload_capacity_bytes":0,"entries":0,"nonempty_or_ready":0,"live_buffers":0}
BENCH_CENSUS {"phase":"pre_close","category":"class_members","index_bytes":3312,"payload_capacity_bytes":16588,"entries":138,"nonempty_or_ready":9,"live_buffers":18}
BENCH_CENSUS {"phase":"pre_close","category":"descriptors","index_bytes":58400,"payload_capacity_bytes":7852032,"entries":4142,"nonempty_or_ready":4142,"live_buffers":203}
BENCH_CENSUS {"phase":"pre_close","category":"field_readers","index_bytes":0,"payload_capacity_bytes":0,"entries":0,"nonempty_or_ready":0,"live_buffers":0}
BENCH_CENSUS {"phase":"pre_close","category":"field_writers","index_bytes":0,"payload_capacity_bytes":0,"entries":0,"nonempty_or_ready":0,"live_buffers":0}
BENCH_CENSUS {"phase":"pre_close","category":"full_numbers","index_bytes":0,"payload_capacity_bytes":0,"entries":0,"nonempty_or_ready":0,"live_buffers":0}
BENCH_CENSUS {"phase":"pre_close","category":"full_opcodes","index_bytes":0,"payload_capacity_bytes":0,"entries":0,"nonempty_or_ready":0,"live_buffers":0}
BENCH_CENSUS {"phase":"pre_close","category":"invokes","index_bytes":0,"payload_capacity_bytes":0,"entries":0,"nonempty_or_ready":0,"live_buffers":0}
BENCH_CENSUS {"phase":"pre_close","category":"lazy_numbers","index_bytes":66032,"payload_capacity_bytes":0,"entries":4127,"nonempty_or_ready":0,"live_buffers":3}
BENCH_CENSUS {"phase":"pre_close","category":"lazy_opcodes","index_bytes":66032,"payload_capacity_bytes":0,"entries":4127,"nonempty_or_ready":0,"live_buffers":3}
BENCH_CENSUS {"phase":"pre_close","category":"lazy_strings","index_bytes":66032,"payload_capacity_bytes":0,"entries":4127,"nonempty_or_ready":0,"live_buffers":3}
BENCH_CENSUS {"phase":"pre_close","category":"pending_cross_refs","index_bytes":2208,"payload_capacity_bytes":104,"entries":92,"nonempty_or_ready":4,"live_buffers":10}
BENCH_CENSUS {"phase":"pre_close","category":"using_fields","index_bytes":0,"payload_capacity_bytes":0,"entries":0,"nonempty_or_ready":0,"live_buffers":0}
BENCH_CENSUS {"phase":"pre_close","category":"using_strings","index_bytes":0,"payload_capacity_bytes":0,"entries":0,"nonempty_or_ready":0,"live_buffers":0}
BENCH_DESCRIPTOR {"reason":"output","method_builds":4127,"field_builds":15,"materialized_bytes":7283843}
BENCH_DESCRIPTOR {"reason":"cross_reference","method_builds":0,"field_builds":0,"materialized_bytes":0}
BENCH_DESCRIPTOR {"reason":"lookup","method_builds":0,"field_builds":0,"materialized_bytes":0}
BENCH_DESCRIPTOR {"method_comparisons":0,"field_comparisons":0}
BENCH_CENSUS {"phase":"pre_close","diagnostic_ns":235042}
BENCH_CLOSE {"worker_shutdown_ns":42}
