BENCH_CENSUS {"phase":"create","dexes":41,"method_ids":2600031,"field_ids":1492869,"mapped_bytes":411819364,"slot_sizes":[16,16,16]}
BENCH_CENSUS {"phase":"create","category":"aggregate_work","index_bytes":0,"payload_capacity_bytes":0,"entries":0,"nonempty_or_ready":0,"live_buffers":0}
BENCH_CENSUS {"phase":"create","category":"annotations","index_bytes":0,"payload_capacity_bytes":0,"entries":0,"nonempty_or_ready":0,"live_buffers":0}
BENCH_CENSUS {"phase":"create","category":"base_arrays","index_bytes":160614118,"payload_capacity_bytes":0,"entries":17414998,"nonempty_or_ready":0,"live_buffers":492}
BENCH_CENSUS {"phase":"create","category":"callers","index_bytes":0,"payload_capacity_bytes":0,"entries":0,"nonempty_or_ready":0,"live_buffers":0}
BENCH_CENSUS {"phase":"create","category":"class_members","index_bytes":33314592,"payload_capacity_bytes":17512000,"entries":1388108,"nonempty_or_ready":772500,"live_buffers":772582}
BENCH_CENSUS {"phase":"create","category":"descriptor_publication","index_bytes":4176868,"payload_capacity_bytes":0,"entries":4092900,"nonempty_or_ready":0,"live_buffers":82}
BENCH_CENSUS {"phase":"create","category":"descriptors","index_bytes":130972800,"payload_capacity_bytes":0,"entries":4092900,"nonempty_or_ready":0,"live_buffers":82}
BENCH_CENSUS {"phase":"create","category":"field_readers","index_bytes":0,"payload_capacity_bytes":0,"entries":0,"nonempty_or_ready":0,"live_buffers":0}
BENCH_CENSUS {"phase":"create","category":"field_writers","index_bytes":0,"payload_capacity_bytes":0,"entries":0,"nonempty_or_ready":0,"live_buffers":0}
BENCH_CENSUS {"phase":"create","category":"full_numbers","index_bytes":0,"payload_capacity_bytes":0,"entries":0,"nonempty_or_ready":0,"live_buffers":0}
BENCH_CENSUS {"phase":"create","category":"full_opcodes","index_bytes":0,"payload_capacity_bytes":0,"entries":0,"nonempty_or_ready":0,"live_buffers":0}
BENCH_CENSUS {"phase":"create","category":"invokes","index_bytes":0,"payload_capacity_bytes":0,"entries":0,"nonempty_or_ready":0,"live_buffers":0}
BENCH_CENSUS {"phase":"create","category":"lazy_numbers","index_bytes":0,"payload_capacity_bytes":0,"entries":0,"nonempty_or_ready":0,"live_buffers":0}
BENCH_CENSUS {"phase":"create","category":"lazy_opcodes","index_bytes":0,"payload_capacity_bytes":0,"entries":0,"nonempty_or_ready":0,"live_buffers":0}
BENCH_CENSUS {"phase":"create","category":"lazy_strings","index_bytes":0,"payload_capacity_bytes":0,"entries":0,"nonempty_or_ready":0,"live_buffers":0}
BENCH_CENSUS {"phase":"create","category":"pending_cross_refs","index_bytes":33314592,"payload_capacity_bytes":3404028,"entries":1388108,"nonempty_or_ready":245172,"live_buffers":245254}
BENCH_CENSUS {"phase":"create","category":"using_fields","index_bytes":0,"payload_capacity_bytes":0,"entries":0,"nonempty_or_ready":0,"live_buffers":0}
BENCH_CENSUS {"phase":"create","category":"using_strings","index_bytes":0,"payload_capacity_bytes":0,"entries":0,"nonempty_or_ready":0,"live_buffers":0}
BENCH_FIELD_REVERSE {"phase":"create","get_matcher":0,"put_matcher":0,"get_metadata":0,"put_metadata":0}
BENCH_CENSUS {"phase":"create","diagnostic_ns":29487125}
BENCH_CENSUS {"phase":"pre_close","dexes":41,"method_ids":2600031,"field_ids":1492869,"mapped_bytes":411819364,"slot_sizes":[16,16,16]}
BENCH_CENSUS {"phase":"pre_close","category":"aggregate_work","index_bytes":0,"payload_capacity_bytes":0,"entries":0,"nonempty_or_ready":0,"live_buffers":0}
BENCH_CENSUS {"phase":"pre_close","category":"annotations","index_bytes":0,"payload_capacity_bytes":0,"entries":0,"nonempty_or_ready":0,"live_buffers":0}
BENCH_CENSUS {"phase":"pre_close","category":"base_arrays","index_bytes":160614118,"payload_capacity_bytes":0,"entries":17414998,"nonempty_or_ready":0,"live_buffers":492}
BENCH_CENSUS {"phase":"pre_close","category":"callers","index_bytes":62400744,"payload_capacity_bytes":105407848,"entries":2600031,"nonempty_or_ready":1315612,"live_buffers":1315653}
BENCH_CENSUS {"phase":"pre_close","category":"class_members","index_bytes":33314592,"payload_capacity_bytes":17512000,"entries":1388108,"nonempty_or_ready":772500,"live_buffers":772582}
BENCH_CENSUS {"phase":"pre_close","category":"descriptor_publication","index_bytes":4176868,"payload_capacity_bytes":0,"entries":4092900,"nonempty_or_ready":0,"live_buffers":82}
BENCH_CENSUS {"phase":"pre_close","category":"descriptors","index_bytes":130972800,"payload_capacity_bytes":196369,"entries":4092900,"nonempty_or_ready":1628,"live_buffers":1705}
BENCH_CENSUS {"phase":"pre_close","category":"field_readers","index_bytes":35828856,"payload_capacity_bytes":37585880,"entries":1492869,"nonempty_or_ready":1110126,"live_buffers":1110167}
BENCH_CENSUS {"phase":"pre_close","category":"field_writers","index_bytes":35828856,"payload_capacity_bytes":13206512,"entries":1492869,"nonempty_or_ready":1096109,"live_buffers":1096150}
BENCH_CENSUS {"phase":"pre_close","category":"full_numbers","index_bytes":0,"payload_capacity_bytes":0,"entries":0,"nonempty_or_ready":0,"live_buffers":0}
BENCH_CENSUS {"phase":"pre_close","category":"full_opcodes","index_bytes":0,"payload_capacity_bytes":0,"entries":0,"nonempty_or_ready":0,"live_buffers":0}
BENCH_CENSUS {"phase":"pre_close","category":"invokes","index_bytes":62400744,"payload_capacity_bytes":58875724,"entries":2600031,"nonempty_or_ready":1651553,"live_buffers":1651594}
BENCH_CENSUS {"phase":"pre_close","category":"lazy_numbers","index_bytes":1046128,"payload_capacity_bytes":680,"entries":65383,"nonempty_or_ready":9,"live_buffers":19}
BENCH_CENSUS {"phase":"pre_close","category":"lazy_opcodes","index_bytes":0,"payload_capacity_bytes":0,"entries":0,"nonempty_or_ready":0,"live_buffers":0}
BENCH_CENSUS {"phase":"pre_close","category":"lazy_strings","index_bytes":0,"payload_capacity_bytes":0,"entries":0,"nonempty_or_ready":0,"live_buffers":0}
BENCH_CENSUS {"phase":"pre_close","category":"pending_cross_refs","index_bytes":0,"payload_capacity_bytes":0,"entries":0,"nonempty_or_ready":0,"live_buffers":0}
BENCH_CENSUS {"phase":"pre_close","category":"using_fields","index_bytes":62400744,"payload_capacity_bytes":55446792,"entries":2600031,"nonempty_or_ready":1540649,"live_buffers":1540690}
BENCH_CENSUS {"phase":"pre_close","category":"using_strings","index_bytes":31200372,"payload_capacity_bytes":11436032,"entries":2600031,"nonempty_or_ready":552475,"live_buffers":123}
BENCH_FIELD_REVERSE {"phase":"pre_close","get_matcher":0,"put_matcher":0,"get_metadata":0,"put_metadata":0}
BENCH_CENSUS {"phase":"pre_close","diagnostic_ns":17586542}
