CHECK_MEMO {"case":"unique_short_negative","pair":0,"base_ns":1685958,"memo_ns":1804375,"base_parses":32768,"memo_parses":32768,"returned_hits":0,"passed":true}
CHECK_MEMO {"case":"unique_short_negative","pair":1,"base_ns":1682000,"memo_ns":1804667,"base_parses":32768,"memo_parses":32768,"returned_hits":0,"passed":true}
CHECK_MEMO {"case":"unique_short_negative","pair":2,"base_ns":1683209,"memo_ns":1772375,"base_parses":32768,"memo_parses":32768,"returned_hits":0,"passed":true}
CHECK_MEMO {"case":"unique_short_negative","pair":3,"base_ns":1376917,"memo_ns":1473250,"base_parses":32768,"memo_parses":32768,"returned_hits":0,"passed":true}
CHECK_MEMO {"case":"unique_short_negative","pair":4,"base_ns":1378917,"memo_ns":1460875,"base_parses":32768,"memo_parses":32768,"returned_hits":0,"passed":true}
CHECK_MEMO {"case":"unique_short_negative","pair":5,"base_ns":1375375,"memo_ns":1483625,"base_parses":32768,"memo_parses":32768,"returned_hits":0,"passed":true}
CHECK_MEMO {"case":"repeated_negative","pair":0,"base_ns":10290209,"memo_ns":756417,"base_parses":500000,"memo_parses":64,"returned_hits":0,"passed":true}
CHECK_MEMO {"case":"repeated_negative","pair":1,"base_ns":8665208,"memo_ns":666292,"base_parses":500000,"memo_parses":64,"returned_hits":0,"passed":true}
CHECK_MEMO {"case":"repeated_negative","pair":2,"base_ns":7787459,"memo_ns":597792,"base_parses":500000,"memo_parses":64,"returned_hits":0,"passed":true}
CHECK_MEMO {"case":"repeated_negative","pair":3,"base_ns":6976209,"memo_ns":579292,"base_parses":500000,"memo_parses":64,"returned_hits":0,"passed":true}
CHECK_MEMO {"case":"repeated_negative","pair":4,"base_ns":6502416,"memo_ns":474625,"base_parses":500000,"memo_parses":64,"returned_hits":0,"passed":true}
CHECK_MEMO {"case":"repeated_negative","pair":5,"base_ns":6108750,"memo_ns":474458,"base_parses":500000,"memo_parses":64,"returned_hits":0,"passed":true}
CHECK_MEMO {"case":"repeated_positive","pair":0,"base_ns":64805709,"memo_ns":62667917,"base_parses":500000,"memo_parses":500000,"returned_hits":500000,"passed":true}
CHECK_MEMO {"case":"repeated_positive","pair":1,"base_ns":62323167,"memo_ns":63487083,"base_parses":500000,"memo_parses":500000,"returned_hits":500000,"passed":true}
CHECK_MEMO {"case":"repeated_positive","pair":2,"base_ns":61718083,"memo_ns":62457000,"base_parses":500000,"memo_parses":500000,"returned_hits":500000,"passed":true}
CHECK_MEMO {"case":"repeated_positive","pair":3,"base_ns":62517333,"memo_ns":63349292,"base_parses":500000,"memo_parses":500000,"returned_hits":500000,"passed":true}
CHECK_MEMO {"case":"repeated_positive","pair":4,"base_ns":61811750,"memo_ns":62875084,"base_parses":500000,"memo_parses":500000,"returned_hits":500000,"passed":true}
CHECK_MEMO {"case":"repeated_positive","pair":5,"base_ns":61691375,"memo_ns":63168208,"base_parses":500000,"memo_parses":500000,"returned_hits":500000,"passed":true}
CHECK_MEMO {"case":"over_budget","pair":0,"base_ns":4717084,"memo_ns":5174917,"base_parses":500000,"memo_parses":500000,"returned_hits":0,"passed":true}
CHECK_MEMO {"case":"over_budget","pair":1,"base_ns":4821333,"memo_ns":5181250,"base_parses":500000,"memo_parses":500000,"returned_hits":0,"passed":true}
CHECK_MEMO {"case":"over_budget","pair":2,"base_ns":4740000,"memo_ns":5174833,"base_parses":500000,"memo_parses":500000,"returned_hits":0,"passed":true}
CHECK_MEMO {"case":"over_budget","pair":3,"base_ns":4676625,"memo_ns":5232916,"base_parses":500000,"memo_parses":500000,"returned_hits":0,"passed":true}
CHECK_MEMO {"case":"over_budget","pair":4,"base_ns":4657208,"memo_ns":5184292,"base_parses":500000,"memo_parses":500000,"returned_hits":0,"passed":true}
CHECK_MEMO {"case":"over_budget","pair":5,"base_ns":4741875,"memo_ns":5167875,"base_parses":500000,"memo_parses":500000,"returned_hits":0,"passed":true}
CHECK_MEMO {"case":"no_visits","pair":0,"base_ns":83,"memo_ns":11542,"base_parses":0,"memo_parses":0,"returned_hits":0,"passed":true}
CHECK_MEMO {"case":"no_visits","pair":1,"base_ns":41,"memo_ns":8334,"base_parses":0,"memo_parses":0,"returned_hits":0,"passed":true}
CHECK_MEMO {"case":"no_visits","pair":2,"base_ns":41,"memo_ns":8250,"base_parses":0,"memo_parses":0,"returned_hits":0,"passed":true}
CHECK_MEMO {"case":"no_visits","pair":3,"base_ns":41,"memo_ns":8458,"base_parses":0,"memo_parses":0,"returned_hits":0,"passed":true}
CHECK_MEMO {"case":"no_visits","pair":4,"base_ns":41,"memo_ns":8250,"base_parses":0,"memo_parses":0,"returned_hits":0,"passed":true}
CHECK_MEMO {"case":"no_visits","pair":5,"base_ns":42,"memo_ns":8291,"base_parses":0,"memo_parses":0,"returned_hits":0,"passed":true}
CHECK_MEMO {"case":"one_visit_large_directory","pair":0,"base_ns":84,"memo_ns":8334,"base_parses":1,"memo_parses":1,"returned_hits":0,"passed":true}
CHECK_MEMO {"case":"one_visit_large_directory","pair":1,"base_ns":42,"memo_ns":8250,"base_parses":1,"memo_parses":1,"returned_hits":0,"passed":true}
CHECK_MEMO {"case":"one_visit_large_directory","pair":2,"base_ns":41,"memo_ns":8292,"base_parses":1,"memo_parses":1,"returned_hits":0,"passed":true}
CHECK_MEMO {"case":"one_visit_large_directory","pair":3,"base_ns":41,"memo_ns":8292,"base_parses":1,"memo_parses":1,"returned_hits":0,"passed":true}
CHECK_MEMO {"case":"one_visit_large_directory","pair":4,"base_ns":42,"memo_ns":8292,"base_parses":1,"memo_parses":1,"returned_hits":0,"passed":true}
CHECK_MEMO {"case":"one_visit_large_directory","pair":5,"base_ns":42,"memo_ns":8250,"base_parses":1,"memo_parses":1,"returned_hits":0,"passed":true}
